../Core/Src/fatfs_sd.c:23:13:SELECT	8	static
../Core/Src/fatfs_sd.c:30:13:DESELECT	8	static
../Core/Src/fatfs_sd.c:37:13:SPI_TxByte	16	static
../Core/Src/fatfs_sd.c:44:13:SPI_TxBuffer	16	static
../Core/Src/fatfs_sd.c:51:16:SPI_RxByte	24	static
../Core/Src/fatfs_sd.c:63:13:SPI_RxBytePtr	16	static
../Core/Src/fatfs_sd.c:73:16:SD_ReadyWait	16	static
../Core/Src/fatfs_sd.c:89:13:SD_PowerOn	24	static
../Core/Src/fatfs_sd.c:127:13:SD_PowerOff	4	static
../Core/Src/fatfs_sd.c:133:16:SD_CheckPower	4	static
../Core/Src/fatfs_sd.c:139:13:SD_RxDataBlock	24	static
../Core/Src/fatfs_sd.c:171:13:SD_TxDataBlock	24	static
../Core/Src/fatfs_sd.c:215:13:SD_SendCmd	24	static
../Core/Src/fatfs_sd.c:254:9:SD_disk_initialize	32	static
../Core/Src/fatfs_sd.c:354:9:SD_disk_status	16	static
../Core/Src/fatfs_sd.c:361:9:SD_disk_read	24	static
../Core/Src/fatfs_sd.c:403:9:SD_disk_write	24	static
../Core/Src/fatfs_sd.c:458:9:SD_disk_ioctl	56	static
