../Core/Src/ili9341.c:30:6:LCD_Init	8	static
../Core/Src/ili9341.c:136:6:LCD_CMD	16	static
../Core/Src/ili9341.c:154:6:LCD_DATA	16	static
../Core/Src/ili9341.c:163:6:SetWindows	24	static
../Core/Src/ili9341.c:180:6:LCD_Clear	24	static
../Core/Src/ili9341.c:200:6:H_line	32	static
../Core/Src/ili9341.c:220:6:V_line	32	static
../Core/Src/ili9341.c:240:6:Rect	24	static
../Core/Src/ili9341.c:250:6:FillRect	40	static
../Core/Src/ili9341.c:275:6:LCD_Print	104	dynamic
../Core/Src/ili9341.c:340:6:LCD_Bitmap	40	static
../Core/Src/ili9341.c:363:6:LCD_BitmapTransparent	40	static
../Core/Src/ili9341.c:387:6:LCD_BitmapPartial	48	static
../Core/Src/ili9341.c:410:6:LCD_BitmapPartialTransparent	48	static
../Core/Src/ili9341.c:434:17:_fade_color	24	static
../Core/Src/ili9341.c:455:6:LCD_FadeInPartial	56	static
../Core/Src/ili9341.c:482:6:LCD_FadeInTransparent	56	static
../Core/Src/ili9341.c:514:6:LCD_Sprite	64	static
../Core/Src/ili9341.c:575:13:_restore_bg_rect	64	static
../Core/Src/ili9341.c:612:6:LCD_SpriteOverBg	80	static
../Core/Src/ili9341.c:671:6:LCD_RestoreBgDelta	72	static
