../Core/Src/main.c:187:6:Draw_BG_From_SD	4808	static
../Core/Src/main.c:217:6:Save_Scores	4160	static
../Core/Src/main.c:229:6:Load_Scores	4160	static
../Core/Src/main.c:247:6:Draw_Dashboard	64	static
../Core/Src/main.c:258:6:Explode_Life_Icon	64	static
../Core/Src/main.c:290:5:check_trace_collision	32	static
../Core/Src/main.c:311:5:check_head_on	24	static
../Core/Src/main.c:320:5:handle_crash	72	static
../Core/Src/main.c:373:20:input_to_bike	48	static
../Core/Src/main.c:407:5:main	376	static
../Core/Src/main.c:839:6:SystemClock_Config	88	static
../Core/Src/main.c:887:13:MX_SPI1_Init	8	static
../Core/Src/main.c:925:13:MX_SPI2_Init	8	static
../Core/Src/main.c:963:13:MX_USART1_UART_Init	8	static
../Core/Src/main.c:996:13:MX_USART2_UART_Init	8	static
../Core/Src/main.c:1029:13:MX_USART3_UART_Init	8	static
../Core/Src/main.c:1062:13:MX_GPIO_Init	48	static
../Core/Src/main.c:1119:6:HAL_UART_RxCpltCallback	16	static
../Core/Src/main.c:1147:6:Error_Handler	4	static,ignoring_inline_asm
