../Core/Src/main.c:186:6:Draw_BG_From_SD	4808	static
../Core/Src/main.c:216:6:Save_Scores	4160	static
../Core/Src/main.c:228:6:Load_Scores	4160	static
../Core/Src/main.c:267:5:check_trace_collision	32	static
../Core/Src/main.c:288:5:check_head_on	24	static
../Core/Src/main.c:297:6:handle_crash	72	static
../Core/Src/main.c:341:20:input_to_bike	48	static
../Core/Src/main.c:375:5:main	312	static
../Core/Src/main.c:774:6:SystemClock_Config	88	static
../Core/Src/main.c:822:13:MX_SPI1_Init	8	static
../Core/Src/main.c:860:13:MX_SPI2_Init	8	static
../Core/Src/main.c:898:13:MX_USART1_UART_Init	8	static
../Core/Src/main.c:931:13:MX_USART2_UART_Init	8	static
../Core/Src/main.c:964:13:MX_USART3_UART_Init	8	static
../Core/Src/main.c:997:13:MX_GPIO_Init	48	static
../Core/Src/main.c:1054:6:HAL_UART_RxCpltCallback	16	static
../Core/Src/main.c:1082:6:Error_Handler	4	static,ignoring_inline_asm
