Archive member included to satisfy reference by file (symbol)

C:/ST/STM32CubeIDE_2.1.1/STM32CubeIDE/plugins/com.st.stm32cube.ide.mcu.externaltools.gnu-tools-for-stm32.14.3.rel1.win32_1.0.100.202602081740/tools/bin/../lib/gcc/arm-none-eabi/14.3.1/../../../../arm-none-eabi/lib/thumb/v7e-m+fp/hard\libc_nano.a(libc_a-exit.o)
                              C:/ST/STM32CubeIDE_2.1.1/STM32CubeIDE/plugins/com.st.stm32cube.ide.mcu.externaltools.gnu-tools-for-stm32.14.3.rel1.win32_1.0.100.202602081740/tools/bin/../lib/gcc/arm-none-eabi/14.3.1/../../../../arm-none-eabi/lib/thumb/v7e-m+fp/hard/crt0.o (exit)
C:/ST/STM32CubeIDE_2.1.1/STM32CubeIDE/plugins/com.st.stm32cube.ide.mcu.externaltools.gnu-tools-for-stm32.14.3.rel1.win32_1.0.100.202602081740/tools/bin/../lib/gcc/arm-none-eabi/14.3.1/../../../../arm-none-eabi/lib/thumb/v7e-m+fp/hard\libc_nano.a(libc_a-findfp.o)
                              C:/ST/STM32CubeIDE_2.1.1/STM32CubeIDE/plugins/com.st.stm32cube.ide.mcu.externaltools.gnu-tools-for-stm32.14.3.rel1.win32_1.0.100.202602081740/tools/bin/../lib/gcc/arm-none-eabi/14.3.1/../../../../arm-none-eabi/lib/thumb/v7e-m+fp/hard\libc_nano.a(libc_a-exit.o) (__stdio_exit_handler)
C:/ST/STM32CubeIDE_2.1.1/STM32CubeIDE/plugins/com.st.stm32cube.ide.mcu.externaltools.gnu-tools-for-stm32.14.3.rel1.win32_1.0.100.202602081740/tools/bin/../lib/gcc/arm-none-eabi/14.3.1/../../../../arm-none-eabi/lib/thumb/v7e-m+fp/hard\libc_nano.a(libc_a-fwalk.o)
                              C:/ST/STM32CubeIDE_2.1.1/STM32CubeIDE/plugins/com.st.stm32cube.ide.mcu.externaltools.gnu-tools-for-stm32.14.3.rel1.win32_1.0.100.202602081740/tools/bin/../lib/gcc/arm-none-eabi/14.3.1/../../../../arm-none-eabi/lib/thumb/v7e-m+fp/hard\libc_nano.a(libc_a-findfp.o) (_fwalk_sglue)
C:/ST/STM32CubeIDE_2.1.1/STM32CubeIDE/plugins/com.st.stm32cube.ide.mcu.externaltools.gnu-tools-for-stm32.14.3.rel1.win32_1.0.100.202602081740/tools/bin/../lib/gcc/arm-none-eabi/14.3.1/../../../../arm-none-eabi/lib/thumb/v7e-m+fp/hard\libc_nano.a(libc_a-snprintf.o)
                              ./Core/Src/main.o (snprintf)
C:/ST/STM32CubeIDE_2.1.1/STM32CubeIDE/plugins/com.st.stm32cube.ide.mcu.externaltools.gnu-tools-for-stm32.14.3.rel1.win32_1.0.100.202602081740/tools/bin/../lib/gcc/arm-none-eabi/14.3.1/../../../../arm-none-eabi/lib/thumb/v7e-m+fp/hard\libc_nano.a(libc_a-stdio.o)
                              C:/ST/STM32CubeIDE_2.1.1/STM32CubeIDE/plugins/com.st.stm32cube.ide.mcu.externaltools.gnu-tools-for-stm32.14.3.rel1.win32_1.0.100.202602081740/tools/bin/../lib/gcc/arm-none-eabi/14.3.1/../../../../arm-none-eabi/lib/thumb/v7e-m+fp/hard\libc_nano.a(libc_a-findfp.o) (__sread)
C:/ST/STM32CubeIDE_2.1.1/STM32CubeIDE/plugins/com.st.stm32cube.ide.mcu.externaltools.gnu-tools-for-stm32.14.3.rel1.win32_1.0.100.202602081740/tools/bin/../lib/gcc/arm-none-eabi/14.3.1/../../../../arm-none-eabi/lib/thumb/v7e-m+fp/hard\libc_nano.a(libc_a-memset.o)
                              C:/ST/STM32CubeIDE_2.1.1/STM32CubeIDE/plugins/com.st.stm32cube.ide.mcu.externaltools.gnu-tools-for-stm32.14.3.rel1.win32_1.0.100.202602081740/tools/bin/../lib/gcc/arm-none-eabi/14.3.1/../../../../arm-none-eabi/lib/thumb/v7e-m+fp/hard/crt0.o (memset)
C:/ST/STM32CubeIDE_2.1.1/STM32CubeIDE/plugins/com.st.stm32cube.ide.mcu.externaltools.gnu-tools-for-stm32.14.3.rel1.win32_1.0.100.202602081740/tools/bin/../lib/gcc/arm-none-eabi/14.3.1/../../../../arm-none-eabi/lib/thumb/v7e-m+fp/hard\libc_nano.a(libc_a-closer.o)
                              C:/ST/STM32CubeIDE_2.1.1/STM32CubeIDE/plugins/com.st.stm32cube.ide.mcu.externaltools.gnu-tools-for-stm32.14.3.rel1.win32_1.0.100.202602081740/tools/bin/../lib/gcc/arm-none-eabi/14.3.1/../../../../arm-none-eabi/lib/thumb/v7e-m+fp/hard\libc_nano.a(libc_a-stdio.o) (_close_r)
C:/ST/STM32CubeIDE_2.1.1/STM32CubeIDE/plugins/com.st.stm32cube.ide.mcu.externaltools.gnu-tools-for-stm32.14.3.rel1.win32_1.0.100.202602081740/tools/bin/../lib/gcc/arm-none-eabi/14.3.1/../../../../arm-none-eabi/lib/thumb/v7e-m+fp/hard\libc_nano.a(libc_a-reent.o)
                              C:/ST/STM32CubeIDE_2.1.1/STM32CubeIDE/plugins/com.st.stm32cube.ide.mcu.externaltools.gnu-tools-for-stm32.14.3.rel1.win32_1.0.100.202602081740/tools/bin/../lib/gcc/arm-none-eabi/14.3.1/../../../../arm-none-eabi/lib/thumb/v7e-m+fp/hard\libc_nano.a(libc_a-closer.o) (errno)
C:/ST/STM32CubeIDE_2.1.1/STM32CubeIDE/plugins/com.st.stm32cube.ide.mcu.externaltools.gnu-tools-for-stm32.14.3.rel1.win32_1.0.100.202602081740/tools/bin/../lib/gcc/arm-none-eabi/14.3.1/../../../../arm-none-eabi/lib/thumb/v7e-m+fp/hard\libc_nano.a(libc_a-impure.o)
                              C:/ST/STM32CubeIDE_2.1.1/STM32CubeIDE/plugins/com.st.stm32cube.ide.mcu.externaltools.gnu-tools-for-stm32.14.3.rel1.win32_1.0.100.202602081740/tools/bin/../lib/gcc/arm-none-eabi/14.3.1/../../../../arm-none-eabi/lib/thumb/v7e-m+fp/hard\libc_nano.a(libc_a-snprintf.o) (_impure_ptr)
[...]
Memory Configuration

Name             Origin             Length             Attributes
RAM              0x20000000         0x00020000         xrw
FLASH            0x08000000         0x00080000         xr
*default*        0x00000000         0xffffffff

Linker script and memory map

LOAD C:/ST/STM32CubeIDE_2.1.1/STM32CubeIDE/plugins/com.st.stm32cube.ide.mcu.externaltools.gnu-tools-for-stm32.14.3.rel1.win32_1.0.100.202602081740/tools/bin/../lib/gcc/arm-none-eabi/14.3.1/thumb/v7e-m+fp/hard/crti.o
LOAD C:/ST/STM32CubeIDE_2.1.1/STM32CubeIDE/plugins/com.st.stm32cube.ide.mcu.externaltools.gnu-tools-for-stm32.14.3.rel1.win32_1.0.100.202602081740/tools/bin/../lib/gcc/arm-none-eabi/14.3.1/thumb/v7e-m+fp/hard/crtbegin.o
LOAD C:/ST/STM32CubeIDE_2.1.1/STM32CubeIDE/plugins/com.st.stm32cube.ide.mcu.externaltools.gnu-tools-for-stm32.14.3.rel1.win32_1.0.100.202602081740/tools/bin/../lib/gcc/arm-none-eabi/14.3.1/../../../../arm-none-eabi/lib/thumb/v7e-m+fp/hard/crt0.o
LOAD ./Core/Src/fatfs_sd.o
LOAD ./Core/Src/font.o
LOAD ./Core/Src/graficos.o
LOAD ./Core/Src/ili9341.o
LOAD ./Core/Src/main.o
LOAD ./Core/Src/race_map.o
LOAD ./Core/Src/stm32f4xx_hal_msp.o
LOAD ./Core/Src/stm32f4xx_it.o
LOAD ./Core/Src/syscalls.o
LOAD ./Core/Src/sysmem.o
LOAD ./Core/Src/system_stm32f4xx.o
LOAD ./Core/Startup/startup_stm32f446retx.o
LOAD ./Drivers/STM32F4xx_HAL_Driver/Src/stm32f4xx_hal.o
LOAD ./Drivers/STM32F4xx_HAL_Driver/Src/stm32f4xx_hal_cortex.o
LOAD ./Drivers/STM32F4xx_HAL_Driver/Src/stm32f4xx_hal_dma.o
LOAD ./Drivers/STM32F4xx_HAL_Driver/Src/stm32f4xx_hal_dma_ex.o
LOAD ./Drivers/STM32F4xx_HAL_Driver/Src/stm32f4xx_hal_exti.o
LOAD ./Drivers/STM32F4xx_HAL_Driver/Src/stm32f4xx_hal_flash.o
LOAD ./Drivers/STM32F4xx_HAL_Driver/Src/stm32f4xx_hal_flash_ex.o
LOAD ./Drivers/STM32F4xx_HAL_Driver/Src/stm32f4xx_hal_flash_ramfunc.o
LOAD ./Drivers/STM32F4xx_HAL_Driver/Src/stm32f4xx_hal_gpio.o
LOAD ./Drivers/STM32F4xx_HAL_Driver/Src/stm32f4xx_hal_pwr.o
LOAD ./Drivers/STM32F4xx_HAL_Driver/Src/stm32f4xx_hal_pwr_ex.o
LOAD ./Drivers/STM32F4xx_HAL_Driver/Src/stm32f4xx_hal_rcc.o
LOAD ./Drivers/STM32F4xx_HAL_Driver/Src/stm32f4xx_hal_rcc_ex.o
LOAD ./Drivers/STM32F4xx_HAL_Driver/Src/stm32f4xx_hal_spi.o
LOAD ./Drivers/STM32F4xx_HAL_Driver/Src/stm32f4xx_hal_uart.o
LOAD ./FATFS/App/fatfs.o
LOAD ./FATFS/Target/user_diskio.o
LOAD ./Middlewares/Third_Party/FatFs/src/diskio.o
LOAD ./Middlewares/Third_Party/FatFs/src/ff.o
LOAD ./Middlewares/Third_Party/FatFs/src/ff_gen_drv.o
LOAD ./Middlewares/Third_Party/FatFs/src/option/ccsbcs.o
LOAD ./Middlewares/Third_Party/FatFs/src/option/syscall.o
START GROUP
LOAD C:/ST/STM32CubeIDE_2.1.1/STM32CubeIDE/plugins/com.st.stm32cube.ide.mcu.externaltools.gnu-tools-for-stm32.14.3.rel1.win32_1.0.100.202602081740/tools/bin/../lib/gcc/arm-none-eabi/14.3.1/../../../../arm-none-eabi/lib/thumb/v7e-m+fp/hard\libc_nano.a
LOAD C:/ST/STM32CubeIDE_2.1.1/STM32CubeIDE/plugins/com.st.stm32cube.ide.mcu.externaltools.gnu-tools-for-stm32.14.3.rel1.win32_1.0.100.202602081740/tools/bin/../lib/gcc/arm-none-eabi/14.3.1/../../../../arm-none-eabi/lib/thumb/v7e-m+fp/hard\libm.a
END GROUP
START GROUP
LOAD C:/ST/STM32CubeIDE_2.1.1/STM32CubeIDE/plugins/com.st.stm32cube.ide.mcu.externaltools.gnu-tools-for-stm32.14.3.rel1.win32_1.0.100.202602081740/tools/bin/../lib/gcc/arm-none-eabi/14.3.1/thumb/v7e-m+fp/hard\libgcc.a
LOAD C:/ST/STM32CubeIDE_2.1.1/STM32CubeIDE/plugins/com.st.stm32cube.ide.mcu.externaltools.gnu-tools-for-stm32.14.3.rel1.win32_1.0.100.202602081740/tools/bin/../lib/gcc/arm-none-eabi/14.3.1/../../../../arm-none-eabi/lib/thumb/v7e-m+fp/hard\libc_nano.a
END GROUP
START GROUP
LOAD C:/ST/STM32CubeIDE_2.1.1/STM32CubeIDE/plugins/com.st.stm32cube.ide.mcu.externaltools.gnu-tools-for-stm32.14.3.rel1.win32_1.0.100.202602081740/tools/bin/../lib/gcc/arm-none-eabi/14.3.1/thumb/v7e-m+fp/hard\libgcc.a
LOAD C:/ST/STM32CubeIDE_2.1.1/STM32CubeIDE/plugins/com.st.stm32cube.ide.mcu.externaltools.gnu-tools-for-stm32.14.3.rel1.win32_1.0.100.202602081740/tools/bin/../lib/gcc/arm-none-eabi/14.3.1/../../../../arm-none-eabi/lib/thumb/v7e-m+fp/hard\libc_nano.a
LOAD C:/ST/STM32CubeIDE_2.1.1/STM32CubeIDE/plugins/com.st.stm32cube.ide.mcu.externaltools.gnu-tools-for-stm32.14.3.rel1.win32_1.0.100.202602081740/tools/bin/../lib/gcc/arm-none-eabi/14.3.1/../../../../arm-none-eabi/lib/thumb/v7e-m+fp/hard\libnosys.a
END GROUP
START GROUP
LOAD C:/ST/STM32CubeIDE_2.1.1/STM32CubeIDE/plugins/com.st.stm32cube.ide.mcu.externaltools.gnu-tools-for-stm32.14.3.rel1.win32_1.0.100.202602081740/tools/bin/../lib/gcc/arm-none-eabi/14.3.1/thumb/v7e-m+fp/hard\libgcc.a
LOAD C:/ST/STM32CubeIDE_2.1.1/STM32CubeIDE/plugins/com.st.stm32cube.ide.mcu.externaltools.gnu-tools-for-stm32.14.3.rel1.win32_1.0.100.202602081740/tools/bin/../lib/gcc/arm-none-eabi/14.3.1/../../../../arm-none-eabi/lib/thumb/v7e-m+fp/hard\libc_nano.a
LOAD C:/ST/STM32CubeIDE_2.1.1/STM32CubeIDE/plugins/com.st.stm32cube.ide.mcu.externaltools.gnu-tools-for-stm32.14.3.rel1.win32_1.0.100.202602081740/tools/bin/../lib/gcc/arm-none-eabi/14.3.1/../../../../arm-none-eabi/lib/thumb/v7e-m+fp/hard\libnosys.a
END GROUP
LOAD C:/ST/STM32CubeIDE_2.1.1/STM32CubeIDE/plugins/com.st.stm32cube.ide.mcu.externaltools.gnu-tools-for-stm32.14.3.rel1.win32_1.0.100.202602081740/tools/bin/../lib/gcc/arm-none-eabi/14.3.1/thumb/v7e-m+fp/hard/crtend.o
LOAD C:/ST/STM32CubeIDE_2.1.1/STM32CubeIDE/plugins/com.st.stm32cube.ide.mcu.externaltools.gnu-tools-for-stm32.14.3.rel1.win32_1.0.100.202602081740/tools/bin/../lib/gcc/arm-none-eabi/14.3.1/thumb/v7e-m+fp/hard/crtn.o
                0x20020000                        _estack = (ORIGIN (RAM) + LENGTH (RAM))
                0x00000200                        _Min_Heap_Size = 0x200
                0x00000400                        _Min_Stack_Size = 0x400

.isr_vector     0x08000000      0x1c4
                0x08000000                        . = ALIGN (0x4)
 *(.isr_vector)
 .isr_vector    0x08000000      0x1c4 ./Core/Startup/startup_stm32f446retx.o
                0x08000000                g_pfnVectors
                0x080001c4                        . = ALIGN (0x4)

.text           0x080001d0     0xa8a8
                0x080001d0                        . = ALIGN (0x4)
 *(.text)
 .text          0x080001d0       0x40 C:/ST/STM32CubeIDE_2.1.1/STM32CubeIDE/plugins/com.st.stm32cube.ide.mcu.externaltools.gnu-tools-for-stm32.14.3.rel1.win32_1.0.100.202602081740/tools/bin/../lib/gcc/arm-none-eabi/14.3.1/thumb/v7e-m+fp/hard/crtbegin.o
 .text          0x08000210       0x10 C:/ST/STM32CubeIDE_2.1.1/STM32CubeIDE/plugins/com.st.stm32cube.ide.mcu.externaltools.gnu-tools-for-stm32.14.3.rel1.win32_1.0.100.202602081740/tools/bin/../lib/gcc/arm-none-eabi/14.3.1/../../../../arm-none-eabi/lib/thumb/v7e-m+fp/hard\libc_nano.a(libc_a-strlen.o)
                0x08000210                strlen
 .text          0x08000220       0xa0 C:/ST/STM32CubeIDE_2.1.1/STM32CubeIDE/plugins/com.st.stm32cube.ide.mcu.externaltools.gnu-tools-for-stm32.14.3.rel1.win32_1.0.100.202602081740/tools/bin/../lib/gcc/arm-none-eabi/14.3.1/../../../../arm-none-eabi/lib/thumb/v7e-m+fp/hard\libc_nano.a(libc_a-memchr.o)
                0x08000220                memchr
 .text          0x080002c0       0x30 C:/ST/STM32CubeIDE_2.1.1/STM32CubeIDE/plugins/com.st.stm32cube.ide.mcu.externaltools.gnu-tools-for-stm32.14.3.rel1.win32_1.0.100.202602081740/tools/bin/../lib/gcc/arm-none-eabi/14.3.1/thumb/v7e-m+fp/hard\libgcc.a(_aeabi_uldivmod.o)
                0x080002c0                __aeabi_uldivmod
 .text          0x080002f0      0x2f8 C:/ST/STM32CubeIDE_2.1.1/STM32CubeIDE/plugins/com.st.stm32cube.ide.mcu.externaltools.gnu-tools-for-stm32.14.3.rel1.win32_1.0.100.202602081740/tools/bin/../lib/gcc/arm-none-eabi/14.3.1/thumb/v7e-m+fp/hard\libgcc.a(_udivmoddi4.o)
                0x080002f0                __udivmoddi4
 .text          0x080005e8        0x4 C:/ST/STM32CubeIDE_2.1.1/STM32CubeIDE/plugins/com.st.stm32cube.ide.mcu.externaltools.gnu-tools-for-stm32.14.3.rel1.win32_1.0.100.202602081740/tools/bin/../lib/gcc/arm-none-eabi/14.3.1/thumb/v7e-m+fp/hard\libgcc.a(_dvmd_tls.o)
                0x080005e8                __aeabi_idiv0
                0x080005e8                __aeabi_ldiv0
 *(.text*)
 .text.SELECT   0x080005ec       0x1c ./Core/Src/fatfs_sd.o
 .text.DESELECT
                0x08000608       0x1c ./Core/Src/fatfs_sd.o
 .text.SPI_TxByte
                0x08000624       0x34 ./Core/Src/fatfs_sd.o
 .text.SPI_TxBuffer
                0x08000658       0x34 ./Core/Src/fatfs_sd.o
 .text.SPI_RxByte
                0x0800068c       0x38 ./Core/Src/fatfs_sd.o
 .text.SPI_RxBytePtr
                0x080006c4       0x1c ./Core/Src/fatfs_sd.o
 .text.SD_ReadyWait
                0x080006e0       0x34 ./Core/Src/fatfs_sd.o
 .text.SD_PowerOn
                0x08000714       0x84 ./Core/Src/fatfs_sd.o
 .text.SD_PowerOff
                0x08000798       0x18 ./Core/Src/fatfs_sd.o
 .text.SD_CheckPower
                0x080007b0       0x18 ./Core/Src/fatfs_sd.o
 .text.SD_RxDataBlock
                0x080007c8       0x60 ./Core/Src/fatfs_sd.o
 .text.SD_TxDataBlock
                0x08000828       0xa0 ./Core/Src/fatfs_sd.o
 .text.SD_SendCmd
                0x080008c8       0xa8 ./Core/Src/fatfs_sd.o
 .text.SD_disk_initialize
                0x08000970      0x1d8 ./Core/Src/fatfs_sd.o
                0x08000970                SD_disk_initialize
 .text.SD_disk_status
                0x08000b48       0x2c ./Core/Src/fatfs_sd.o
                0x08000b48                SD_disk_status
 .text.SD_disk_read
                0x08000b74       0xd4 ./Core/Src/fatfs_sd.o
                0x08000b74                SD_disk_read
 .text.SD_disk_write
                0x08000c48      0x108 ./Core/Src/fatfs_sd.o
                0x08000c48                SD_disk_write
 .text.SD_disk_ioctl
                0x08000d50      0x25c ./Core/Src/fatfs_sd.o
                0x08000d50                SD_disk_ioctl
 .text.LCD_Init
                0x08000fac      0x1f8 ./Core/Src/ili9341.o
                0x08000fac                LCD_Init
 .text.LCD_CMD  0x080011a4       0x68 ./Core/Src/ili9341.o
                0x080011a4                LCD_CMD
 .text.LCD_DATA
                0x0800120c       0x40 ./Core/Src/ili9341.o
                0x0800120c                LCD_DATA
 .text.SetWindows
                0x0800124c       0x80 ./Core/Src/ili9341.o
                0x0800124c                SetWindows
 .text.LCD_Clear
                0x080012cc       0x78 ./Core/Src/ili9341.o
                0x080012cc                LCD_Clear
 .text.FillRect
                0x08001344       0xa4 ./Core/Src/ili9341.o
                0x08001344                FillRect
 .text.LCD_Print
                0x080013e8      0x1d0 ./Core/Src/ili9341.o
                0x080013e8                LCD_Print
 .text.LCD_Bitmap
                0x080015b8       0x90 ./Core/Src/ili9341.o
                0x080015b8                LCD_Bitmap
 .text.LCD_BitmapPartialTransparent
                0x08001648       0xcc ./Core/Src/ili9341.o
                0x08001648                LCD_BitmapPartialTransparent
 .text._fade_color
                0x08001714       0x8c ./Core/Src/ili9341.o
 .text.LCD_FadeInPartial
                0x080017a0       0xe8 ./Core/Src/ili9341.o
                0x080017a0                LCD_FadeInPartial
 .text.LCD_FadeInTransparent
                0x08001888       0xf8 ./Core/Src/ili9341.o
                0x08001888                LCD_FadeInTransparent
 .text._restore_bg_rect
                0x08001980      0x168 ./Core/Src/ili9341.o
 .text.LCD_SpriteOverBg
                0x08001ae8      0x240 ./Core/Src/ili9341.o
                0x08001ae8                LCD_SpriteOverBg
 .text.LCD_RestoreBgDelta
                0x08001d28      0x192 ./Core/Src/ili9341.o
                0x08001d28                LCD_RestoreBgDelta
 *fill*         0x08001eba        0x2 
 .text.Draw_BG_From_SD
                0x08001ebc       0xe0 ./Core/Src/main.o
                0x08001ebc                Draw_BG_From_SD
 .text.Save_Scores
                0x08001f9c       0x54 ./Core/Src/main.o
                0x08001f9c                Save_Scores
 .text.Load_Scores
                0x08001ff0       0x5c ./Core/Src/main.o
                0x08001ff0                Load_Scores
 .text.Draw_Dashboard
                0x0800204c       0xb4 ./Core/Src/main.o
                0x0800204c                Draw_Dashboard
 .text.Explode_Life_Icon
                0x08002100       0x64 ./Core/Src/main.o
                0x08002100                Explode_Life_Icon
 .text.check_trace_collision
                0x08002164       0xb4 ./Core/Src/main.o
                0x08002164                check_trace_collision
 .text.check_head_on
                0x08002218       0x50 ./Core/Src/main.o
                0x08002218                check_head_on
 .text.handle_crash
                0x08002268      0x274 ./Core/Src/main.o
                0x08002268                handle_crash
 .text.input_to_bike
                0x080024dc       0xf6 ./Core/Src/main.o
 *fill*         0x080025d2        0x2 
 .text.main     0x080025d4     0x1250 ./Core/Src/main.o
                0x080025d4                main
 .text.SystemClock_Config
                0x08003824       0xdc ./Core/Src/main.o
                0x08003824                SystemClock_Config
 .text.MX_SPI1_Init
                0x08003900       0x6c ./Core/Src/main.o
 .text.MX_SPI2_Init
                0x0800396c       0x6c ./Core/Src/main.o
 .text.MX_USART1_UART_Init
                0x080039d8       0x54 ./Core/Src/main.o
 .text.MX_USART2_UART_Init
                0x08003a2c       0x54 ./Core/Src/main.o
 .text.MX_USART3_UART_Init
                0x08003a80       0x54 ./Core/Src/main.o
 .text.MX_GPIO_Init
                0x08003ad4      0x138 ./Core/Src/main.o
 .text.HAL_UART_RxCpltCallback
                0x08003c0c       0x98 ./Core/Src/main.o
                0x08003c0c                HAL_UART_RxCpltCallback
 .text.Error_Handler
                0x08003ca4        0xc ./Core/Src/main.o
                0x08003ca4                Error_Handler
 .text.HAL_MspInit
                0x08003cb0       0x50 ./Core/Src/stm32f4xx_hal_msp.o
                0x08003cb0                HAL_MspInit
 .text.HAL_SPI_MspInit
                0x08003d00      0x13c ./Core/Src/stm32f4xx_hal_msp.o
                0x08003d00                HAL_SPI_MspInit
 .text.HAL_UART_MspInit
                0x08003e3c      0x1b8 ./Core/Src/stm32f4xx_hal_msp.o
                0x08003e3c                HAL_UART_MspInit
 .text.NMI_Handler
                0x08003ff4        0x8 ./Core/Src/stm32f4xx_it.o
                0x08003ff4                NMI_Handler
 .text.HardFault_Handler
                0x08003ffc        0x8 ./Core/Src/stm32f4xx_it.o
                0x08003ffc                HardFault_Handler
 .text.MemManage_Handler
                0x08004004        0x8 ./Core/Src/stm32f4xx_it.o
                0x08004004                MemManage_Handler
 .text.BusFault_Handler
                0x0800400c        0x8 ./Core/Src/stm32f4xx_it.o
                0x0800400c                BusFault_Handler
 .text.UsageFault_Handler
                0x08004014        0x8 ./Core/Src/stm32f4xx_it.o
                0x08004014                UsageFault_Handler
 .text.SVC_Handler
                0x0800401c        0xe ./Core/Src/stm32f4xx_it.o
                0x0800401c                SVC_Handler
 .text.DebugMon_Handler
                0x0800402a        0xe ./Core/Src/stm32f4xx_it.o
                0x0800402a                DebugMon_Handler
 .text.PendSV_Handler
                0x08004038        0xe ./Core/Src/stm32f4xx_it.o
                0x08004038                PendSV_Handler
 *fill*         0x08004046        0x2 
 .text.SysTick_Handler
                0x08004048       0x48 ./Core/Src/stm32f4xx_it.o
                0x08004048                SysTick_Handler
 .text.USART1_IRQHandler
                0x08004090       0x14 ./Core/Src/stm32f4xx_it.o
                0x08004090                USART1_IRQHandler
 .text._sbrk    0x080040a4       0x6c ./Core/Src/sysmem.o
                0x080040a4                _sbrk
 .text.SystemInit
                0x08004110       0x24 ./Core/Src/system_stm32f4xx.o
                0x08004110                SystemInit
 .text.Reset_Handler
                0x08004134       0x50 ./Core/Startup/startup_stm32f446retx.o
                0x08004134                Reset_Handler
 .text.Default_Handler
                0x08004184        0x2 ./Core/Startup/startup_stm32f446retx.o
                0x08004184                RTC_Alarm_IRQHandler
                0x08004184                EXTI2_IRQHandler
                0x08004184                TIM8_CC_IRQHandler
                0x08004184                FMPI2C1_EV_IRQHandler
                0x08004184                SPI4_IRQHandler
                0x08004184                TIM1_CC_IRQHandler
                0x08004184                DMA2_Stream5_IRQHandler
                0x08004184                DMA1_Stream5_IRQHandler
                0x08004184                PVD_IRQHandler
                0x08004184                SDIO_IRQHandler
                0x08004184                TAMP_STAMP_IRQHandler
                0x08004184                CAN2_RX1_IRQHandler
                0x08004184                EXTI3_IRQHandler
                0x08004184                TIM8_TRG_COM_TIM14_IRQHandler
                0x08004184                TIM1_UP_TIM10_IRQHandler
                0x08004184                TIM8_UP_TIM13_IRQHandler
                0x08004184                I2C3_ER_IRQHandler
                0x08004184                EXTI0_IRQHandler
                0x08004184                I2C2_EV_IRQHandler
                0x08004184                DMA1_Stream2_IRQHandler
                0x08004184                CAN1_RX0_IRQHandler
                0x08004184                FPU_IRQHandler
                0x08004184                OTG_HS_WKUP_IRQHandler
                0x08004184                CAN2_SCE_IRQHandler
                0x08004184                DMA2_Stream2_IRQHandler
                0x08004184                SPI1_IRQHandler
                0x08004184                TIM6_DAC_IRQHandler
                0x08004184                TIM1_BRK_TIM9_IRQHandler
                0x08004184                DCMI_IRQHandler
                0x08004184                CAN2_RX0_IRQHandler
                0x08004184                DMA2_Stream3_IRQHandler
                0x08004184                SAI2_IRQHandler
                0x08004184                USART6_IRQHandler
                0x08004184                USART3_IRQHandler
                0x08004184                CAN1_RX1_IRQHandler
                0x08004184                UART5_IRQHandler
                0x08004184                DMA2_Stream0_IRQHandler
                0x08004184                TIM4_IRQHandler
                0x08004184                QUADSPI_IRQHandler
                0x08004184                I2C1_EV_IRQHandler
                0x08004184                DMA1_Stream6_IRQHandler
                0x08004184                DMA1_Stream1_IRQHandler
                0x08004184                UART4_IRQHandler
                0x08004184                TIM3_IRQHandler
                0x08004184                RCC_IRQHandler
                0x08004184                TIM8_BRK_TIM12_IRQHandler
                0x08004184                Default_Handler
                0x08004184                CEC_IRQHandler
                0x08004184                EXTI15_10_IRQHandler
                0x08004184                ADC_IRQHandler
                0x08004184                DMA1_Stream7_IRQHandler
                0x08004184                TIM7_IRQHandler
                0x08004184                CAN2_TX_IRQHandler
                0x08004184                TIM5_IRQHandler
                0x08004184                DMA2_Stream7_IRQHandler
                0x08004184                I2C3_EV_IRQHandler
                0x08004184                EXTI9_5_IRQHandler
                0x08004184                RTC_WKUP_IRQHandler
                0x08004184                SPDIF_RX_IRQHandler
                0x08004184                SPI2_IRQHandler
                0x08004184                OTG_HS_EP1_IN_IRQHandler
                0x08004184                DMA1_Stream0_IRQHandler
                0x08004184                CAN1_TX_IRQHandler
                0x08004184                FMPI2C1_ER_IRQHandler
                0x08004184                EXTI4_IRQHandler
                0x08004184                OTG_HS_EP1_OUT_IRQHandler
                0x08004184                WWDG_IRQHandler
                0x08004184                TIM2_IRQHandler
                0x08004184                OTG_FS_WKUP_IRQHandler
                0x08004184                TIM1_TRG_COM_TIM11_IRQHandler
                0x08004184                OTG_HS_IRQHandler
                0x08004184                EXTI1_IRQHandler
                0x08004184                USART2_IRQHandler
                0x08004184                I2C2_ER_IRQHandler
                0x08004184                DMA2_Stream1_IRQHandler
                0x08004184                CAN1_SCE_IRQHandler
                0x08004184                FLASH_IRQHandler
                0x08004184                DMA2_Stream4_IRQHandler
                0x08004184                OTG_FS_IRQHandler
                0x08004184                SPI3_IRQHandler
                0x08004184                DMA1_Stream4_IRQHandler
                0x08004184                I2C1_ER_IRQHandler
                0x08004184                FMC_IRQHandler
                0x08004184                DMA2_Stream6_IRQHandler
                0x08004184                SAI1_IRQHandler
                0x08004184                DMA1_Stream3_IRQHandler
 *fill*         0x08004186        0x2 
 .text.HAL_Init
                0x08004188       0x44 ./Drivers/STM32F4xx_HAL_Driver/Src/stm32f4xx_hal.o
                0x08004188                HAL_Init
 .text.HAL_InitTick
                0x080041cc       0x60 ./Drivers/STM32F4xx_HAL_Driver/Src/stm32f4xx_hal.o
                0x080041cc                HAL_InitTick
 .text.HAL_IncTick
                0x0800422c       0x28 ./Drivers/STM32F4xx_HAL_Driver/Src/stm32f4xx_hal.o
                0x0800422c                HAL_IncTick
 .text.HAL_GetTick
                0x08004254       0x18 ./Drivers/STM32F4xx_HAL_Driver/Src/stm32f4xx_hal.o
                0x08004254                HAL_GetTick
 .text.HAL_Delay
                0x0800426c       0x48 ./Drivers/STM32F4xx_HAL_Driver/Src/stm32f4xx_hal.o
                0x0800426c                HAL_Delay
 .text.__NVIC_SetPriorityGrouping
                0x080042b4       0x48 ./Drivers/STM32F4xx_HAL_Driver/Src/stm32f4xx_hal_cortex.o
 .text.__NVIC_GetPriorityGrouping
                0x080042fc       0x1c ./Drivers/STM32F4xx_HAL_Driver/Src/stm32f4xx_hal_cortex.o
 .text.__NVIC_EnableIRQ
                0x08004318       0x3c ./Drivers/STM32F4xx_HAL_Driver/Src/stm32f4xx_hal_cortex.o
 .text.__NVIC_SetPriority
                0x08004354       0x54 ./Drivers/STM32F4xx_HAL_Driver/Src/stm32f4xx_hal_cortex.o
 .text.NVIC_EncodePriority
                0x080043a8       0x66 ./Drivers/STM32F4xx_HAL_Driver/Src/stm32f4xx_hal_cortex.o
 *fill*         0x0800440e        0x2 
 .text.SysTick_Config
                0x08004410       0x44 ./Drivers/STM32F4xx_HAL_Driver/Src/stm32f4xx_hal_cortex.o
 .text.HAL_NVIC_SetPriorityGrouping
                0x08004454       0x16 ./Drivers/STM32F4xx_HAL_Driver/Src/stm32f4xx_hal_cortex.o
                0x08004454                HAL_NVIC_SetPriorityGrouping
 .text.HAL_NVIC_SetPriority
                0x0800446a       0x38 ./Drivers/STM32F4xx_HAL_Driver/Src/stm32f4xx_hal_cortex.o
                0x0800446a                HAL_NVIC_SetPriority
 .text.HAL_NVIC_EnableIRQ
                0x080044a2       0x1c ./Drivers/STM32F4xx_HAL_Driver/Src/stm32f4xx_hal_cortex.o
                0x080044a2                HAL_NVIC_EnableIRQ
 .text.HAL_SYSTICK_Config
                0x080044be       0x18 ./Drivers/STM32F4xx_HAL_Driver/Src/stm32f4xx_hal_cortex.o
                0x080044be                HAL_SYSTICK_Config
 .text.HAL_SYSTICK_IRQHandler
                0x080044d6        0xc ./Drivers/STM32F4xx_HAL_Driver/Src/stm32f4xx_hal_cortex.o
                0x080044d6                HAL_SYSTICK_IRQHandler
 .text.HAL_SYSTICK_Callback
                0x080044e2        0xe ./Drivers/STM32F4xx_HAL_Driver/Src/stm32f4xx_hal_cortex.o
                0x080044e2                HAL_SYSTICK_Callback
 .text.HAL_DMA_Abort
                0x080044f0       0xe0 ./Drivers/STM32F4xx_HAL_Driver/Src/stm32f4xx_hal_dma.o
                0x080044f0                HAL_DMA_Abort
 .text.HAL_DMA_Abort_IT
                0x080045d0       0x44 ./Drivers/STM32F4xx_HAL_Driver/Src/stm32f4xx_hal_dma.o
                0x080045d0                HAL_DMA_Abort_IT
 .text.HAL_GPIO_Init
                0x08004614      0x328 ./Drivers/STM32F4xx_HAL_Driver/Src/stm32f4xx_hal_gpio.o
                0x08004614                HAL_GPIO_Init
 .text.HAL_GPIO_WritePin
                0x0800493c       0x32 ./Drivers/STM32F4xx_HAL_Driver/Src/stm32f4xx_hal_gpio.o
                0x0800493c                HAL_GPIO_WritePin
 *fill*         0x0800496e        0x2 
 .text.HAL_RCC_ClockConfig
                0x08004970      0x1cc ./Drivers/STM32F4xx_HAL_Driver/Src/stm32f4xx_hal_rcc.o
                0x08004970                HAL_RCC_ClockConfig
 .text.HAL_RCC_GetHCLKFreq
                0x08004b3c       0x18 ./Drivers/STM32F4xx_HAL_Driver/Src/stm32f4xx_hal_rcc.o
                0x08004b3c                HAL_RCC_GetHCLKFreq
 .text.HAL_RCC_GetPCLK1Freq
                0x08004b54       0x28 ./Drivers/STM32F4xx_HAL_Driver/Src/stm32f4xx_hal_rcc.o
                0x08004b54                HAL_RCC_GetPCLK1Freq
 .text.HAL_RCC_GetPCLK2Freq
                0x08004b7c       0x28 ./Drivers/STM32F4xx_HAL_Driver/Src/stm32f4xx_hal_rcc.o
                0x08004b7c                HAL_RCC_GetPCLK2Freq
 .text.HAL_RCC_GetSysClockFreq
                0x08004ba4      0x460 ./Drivers/STM32F4xx_HAL_Driver/Src/stm32f4xx_hal_rcc_ex.o
                0x08004ba4                HAL_RCC_GetSysClockFreq
 .text.HAL_RCC_OscConfig
                0x08005004      0x53c ./Drivers/STM32F4xx_HAL_Driver/Src/stm32f4xx_hal_rcc_ex.o
                0x08005004                HAL_RCC_OscConfig
 .text.HAL_SPI_Init
                0x08005540      0x112 ./Drivers/STM32F4xx_HAL_Driver/Src/stm32f4xx_hal_spi.o
                0x08005540                HAL_SPI_Init
 .text.HAL_SPI_Transmit
                0x08005652      0x288 ./Drivers/STM32F4xx_HAL_Driver/Src/stm32f4xx_hal_spi.o
                0x08005652                HAL_SPI_Transmit
 .text.HAL_SPI_TransmitReceive
                0x080058da      0x352 ./Drivers/STM32F4xx_HAL_Driver/Src/stm32f4xx_hal_spi.o
                0x080058da                HAL_SPI_TransmitReceive
 .text.SPI_WaitFlagStateUntilTimeout
                0x08005c2c      0x110 ./Drivers/STM32F4xx_HAL_Driver/Src/stm32f4xx_hal_spi.o
 .text.SPI_EndRxTxTransaction
                0x08005d3c       0xa8 ./Drivers/STM32F4xx_HAL_Driver/Src/stm32f4xx_hal_spi.o
 .text.HAL_UART_Init
                0x08005de4       0xa0 ./Drivers/STM32F4xx_HAL_Driver/Src/stm32f4xx_hal_uart.o
                0x08005de4                HAL_UART_Init
 .text.HAL_UART_Transmit
                0x08005e84      0x116 ./Drivers/STM32F4xx_HAL_Driver/Src/stm32f4xx_hal_uart.o
                0x08005e84                HAL_UART_Transmit
 .text.HAL_UART_Receive_IT
                0x08005f9a       0x4a ./Drivers/STM32F4xx_HAL_Driver/Src/stm32f4xx_hal_uart.o
                0x08005f9a                HAL_UART_Receive_IT
 .text.HAL_UART_IRQHandler
                0x08005fe4      0x554 ./Drivers/STM32F4xx_HAL_Driver/Src/stm32f4xx_hal_uart.o
                0x08005fe4                HAL_UART_IRQHandler
 .text.HAL_UART_TxCpltCallback
                0x08006538       0x14 ./Drivers/STM32F4xx_HAL_Driver/Src/stm32f4xx_hal_uart.o
                0x08006538                HAL_UART_TxCpltCallback
 .text.HAL_UART_ErrorCallback
                0x0800654c       0x14 ./Drivers/STM32F4xx_HAL_Driver/Src/stm32f4xx_hal_uart.o
                0x0800654c                HAL_UART_ErrorCallback
 .text.HAL_UARTEx_RxEventCallback
                0x08006560       0x18 ./Drivers/STM32F4xx_HAL_Driver/Src/stm32f4xx_hal_uart.o
                0x08006560                HAL_UARTEx_RxEventCallback
 .text.UART_WaitOnFlagUntilTimeout
                0x08006578       0xb2 ./Drivers/STM32F4xx_HAL_Driver/Src/stm32f4xx_hal_uart.o
 .text.UART_Start_Receive_IT
                0x0800662a       0x74 ./Drivers/STM32F4xx_HAL_Driver/Src/stm32f4xx_hal_uart.o
                0x0800662a                UART_Start_Receive_IT
 .text.UART_EndRxTransfer
                0x0800669e       0xc6 ./Drivers/STM32F4xx_HAL_Driver/Src/stm32f4xx_hal_uart.o
 .text.UART_DMAAbortOnError
                0x08006764       0x22 ./Drivers/STM32F4xx_HAL_Driver/Src/stm32f4xx_hal_uart.o
 .text.UART_Transmit_IT
                0x08006786       0xa0 ./Drivers/STM32F4xx_HAL_Driver/Src/stm32f4xx_hal_uart.o
 .text.UART_EndTransmit_IT
                0x08006826       0x30 ./Drivers/STM32F4xx_HAL_Driver/Src/stm32f4xx_hal_uart.o
 .text.UART_Receive_IT
                0x08006856      0x17c ./Drivers/STM32F4xx_HAL_Driver/Src/stm32f4xx_hal_uart.o
 *fill*         0x080069d2        0x2 
 .text.UART_SetConfig
                0x080069d4      0x4e8 ./Drivers/STM32F4xx_HAL_Driver/Src/stm32f4xx_hal_uart.o
 .text.MX_FATFS_Init
                0x08006ebc       0x24 ./FATFS/App/fatfs.o
                0x08006ebc                MX_FATFS_Init
 .text.get_fattime
                0x08006ee0       0x10 ./FATFS/App/fatfs.o
                0x08006ee0                get_fattime
 .text.USER_initialize
                0x08006ef0       0x1c ./FATFS/Target/user_diskio.o
                0x08006ef0                USER_initialize
 .text.USER_status
                0x08006f0c       0x1c ./FATFS/Target/user_diskio.o
                0x08006f0c                USER_status
 .text.USER_read
                0x08006f28       0x26 ./FATFS/Target/user_diskio.o
                0x08006f28                USER_read
 .text.USER_write
                0x08006f4e       0x26 ./FATFS/Target/user_diskio.o
                0x08006f4e                USER_write
 .text.USER_ioctl
                0x08006f74       0x26 ./FATFS/Target/user_diskio.o
                0x08006f74                USER_ioctl
 *fill*         0x08006f9a        0x2 
 .text.disk_status
                0x08006f9c       0x34 ./Middlewares/Third_Party/FatFs/src/diskio.o
                0x08006f9c                disk_status
 .text.disk_initialize
                0x08006fd0       0x50 ./Middlewares/Third_Party/FatFs/src/diskio.o
                0x08006fd0                disk_initialize
 .text.disk_read
                0x08007020       0x40 ./Middlewares/Third_Party/FatFs/src/diskio.o
                0x08007020                disk_read
 .text.disk_write
                0x08007060       0x40 ./Middlewares/Third_Party/FatFs/src/diskio.o
                0x08007060                disk_write
 .text.disk_ioctl
                0x080070a0       0x3c ./Middlewares/Third_Party/FatFs/src/diskio.o
                0x080070a0                disk_ioctl
 .text.ld_word  0x080070dc       0x32 ./Middlewares/Third_Party/FatFs/src/ff.o
 .text.ld_dword
                0x0800710e       0x46 ./Middlewares/Third_Party/FatFs/src/ff.o
 .text.st_word  0x08007154       0x36 ./Middlewares/Third_Party/FatFs/src/ff.o
 .text.st_dword
                0x0800718a       0x58 ./Middlewares/Third_Party/FatFs/src/ff.o
 .text.mem_cpy  0x080071e2       0x42 ./Middlewares/Third_Party/FatFs/src/ff.o
 .text.mem_set  0x08007224       0x36 ./Middlewares/Third_Party/FatFs/src/ff.o
 .text.mem_cmp  0x0800725a       0x4e ./Middlewares/Third_Party/FatFs/src/ff.o
 .text.chk_chr  0x080072a8       0x36 ./Middlewares/Third_Party/FatFs/src/ff.o
 *fill*         0x080072de        0x2 
 .text.chk_lock
                0x080072e0       0xb8 ./Middlewares/Third_Party/FatFs/src/ff.o
 .text.enq_lock
                0x08007398       0x44 ./Middlewares/Third_Party/FatFs/src/ff.o
 .text.inc_lock
                0x080073dc      0x11c ./Middlewares/Third_Party/FatFs/src/ff.o
 .text.dec_lock
                0x080074f8       0x78 ./Middlewares/Third_Party/FatFs/src/ff.o
 .text.clear_lock
                0x08007570       0x48 ./Middlewares/Third_Party/FatFs/src/ff.o
 .text.sync_window
                0x080075b8       0x88 ./Middlewares/Third_Party/FatFs/src/ff.o
 .text.move_window
                0x08007640       0x5a ./Middlewares/Third_Party/FatFs/src/ff.o
 *fill*         0x0800769a        0x2 
 .text.sync_fs  0x0800769c       0xe0 ./Middlewares/Third_Party/FatFs/src/ff.o
 .text.clust2sect
                0x0800777c       0x3e ./Middlewares/Third_Party/FatFs/src/ff.o
 .text.get_fat  0x080077ba      0x1a6 ./Middlewares/Third_Party/FatFs/src/ff.o
 .text.put_fat  0x08007960      0x234 ./Middlewares/Third_Party/FatFs/src/ff.o
 .text.remove_chain
                0x08007b94       0xca ./Middlewares/Third_Party/FatFs/src/ff.o
 .text.create_chain
                0x08007c5e      0x130 ./Middlewares/Third_Party/FatFs/src/ff.o
 .text.clmt_clust
                0x08007d8e       0x70 ./Middlewares/Third_Party/FatFs/src/ff.o
 .text.dir_sdi  0x08007dfe      0x112 ./Middlewares/Third_Party/FatFs/src/ff.o
 .text.dir_next
                0x08007f10      0x1ac ./Middlewares/Third_Party/FatFs/src/ff.o
 .text.dir_alloc
                0x080080bc       0x8e ./Middlewares/Third_Party/FatFs/src/ff.o
 .text.ld_clust
                0x0800814a       0x3e ./Middlewares/Third_Party/FatFs/src/ff.o
 .text.st_clust
                0x08008188       0x40 ./Middlewares/Third_Party/FatFs/src/ff.o
 .text.cmp_lfn  0x080081c8       0xe0 ./Middlewares/Third_Party/FatFs/src/ff.o
 .text.put_lfn  0x080082a8       0xd0 ./Middlewares/Third_Party/FatFs/src/ff.o
 .text.gen_numname
                0x08008378      0x11c ./Middlewares/Third_Party/FatFs/src/ff.o
 .text.sum_sfn  0x08008494       0x42 ./Middlewares/Third_Party/FatFs/src/ff.o
 .text.dir_find
                0x080084d6      0x180 ./Middlewares/Third_Party/FatFs/src/ff.o
 *fill*         0x08008656        0x2 
 .text.dir_register
                0x08008658      0x1f0 ./Middlewares/Third_Party/FatFs/src/ff.o
 .text.create_name
                0x08008848      0x370 ./Middlewares/Third_Party/FatFs/src/ff.o
 .text.follow_path
                0x08008bb8       0xec ./Middlewares/Third_Party/FatFs/src/ff.o
 .text.get_ldnumber
                0x08008ca4       0x88 ./Middlewares/Third_Party/FatFs/src/ff.o
 .text.check_fs
                0x08008d2c       0xac ./Middlewares/Third_Party/FatFs/src/ff.o
 .text.find_volume
                0x08008dd8      0x50c ./Middlewares/Third_Party/FatFs/src/ff.o
 .text.validate
                0x080092e4       0x6a ./Middlewares/Third_Party/FatFs/src/ff.o
 *fill*         0x0800934e        0x2 
 .text.f_mount  0x08009350       0x8c ./Middlewares/Third_Party/FatFs/src/ff.o
                0x08009350                f_mount
 .text.f_open   0x080093dc      0x390 ./Middlewares/Third_Party/FatFs/src/ff.o
                0x080093dc                f_open
 .text.f_read   0x0800976c      0x2be ./Middlewares/Third_Party/FatFs/src/ff.o
                0x0800976c                f_read
 .text.f_write  0x08009a2a      0x328 ./Middlewares/Third_Party/FatFs/src/ff.o
                0x08009a2a                f_write
 .text.f_sync   0x08009d52       0xfc ./Middlewares/Third_Party/FatFs/src/ff.o
                0x08009d52                f_sync
 .text.f_close  0x08009e4e       0x54 ./Middlewares/Third_Party/FatFs/src/ff.o
                0x08009e4e                f_close
 *fill*         0x08009ea2        0x2 
 .text.FATFS_LinkDriverEx
                0x08009ea4       0x98 ./Middlewares/Third_Party/FatFs/src/ff_gen_drv.o
                0x08009ea4                FATFS_LinkDriverEx
 .text.FATFS_LinkDriver
                0x08009f3c       0x1e ./Middlewares/Third_Party/FatFs/src/ff_gen_drv.o
                0x08009f3c                FATFS_LinkDriver
 *fill*         0x08009f5a        0x2 
 .text.ff_convert
                0x08009f5c       0x78 ./Middlewares/Third_Party/FatFs/src/option/ccsbcs.o
                0x08009f5c                ff_convert
 .text.ff_wtoupper
                0x08009fd4      0x114 ./Middlewares/Third_Party/FatFs/src/option/ccsbcs.o
                0x08009fd4                ff_wtoupper
 .text.snprintf
                0x0800a0e8       0x6c C:/ST/STM32CubeIDE_2.1.1/STM32CubeIDE/plugins/com.st.stm32cube.ide.mcu.externaltools.gnu-tools-for-stm32.14.3.rel1.win32_1.0.100.202602081740/tools/bin/../lib/gcc/arm-none-eabi/14.3.1/../../../../arm-none-eabi/lib/thumb/v7e-m+fp/hard\libc_nano.a(libc_a-snprintf.o)
                0x0800a0e8                sniprintf
                0x0800a0e8                snprintf
 .text.memset   0x0800a154       0x10 C:/ST/STM32CubeIDE_2.1.1/STM32CubeIDE/plugins/com.st.stm32cube.ide.mcu.externaltools.gnu-tools-for-stm32.14.3.rel1.win32_1.0.100.202602081740/tools/bin/../lib/gcc/arm-none-eabi/14.3.1/../../../../arm-none-eabi/lib/thumb/v7e-m+fp/hard\libc_nano.a(libc_a-memset.o)
                0x0800a154                memset
 .text.__errno  0x0800a164        0xc C:/ST/STM32CubeIDE_2.1.1/STM32CubeIDE/plugins/com.st.stm32cube.ide.mcu.externaltools.gnu-tools-for-stm32.14.3.rel1.win32_1.0.100.202602081740/tools/bin/../lib/gcc/arm-none-eabi/14.3.1/../../../../arm-none-eabi/lib/thumb/v7e-m+fp/hard\libc_nano.a(libc_a-errno.o)
                0x0800a164                __errno
 .text.__libc_init_array
                0x0800a170       0x48 C:/ST/STM32CubeIDE_2.1.1/STM32CubeIDE/plugins/com.st.stm32cube.ide.mcu.externaltools.gnu-tools-for-stm32.14.3.rel1.win32_1.0.100.202602081740/tools/bin/../lib/gcc/arm-none-eabi/14.3.1/../../../../arm-none-eabi/lib/thumb/v7e-m+fp/hard\libc_nano.a(libc_a-init.o)
                0x0800a170                __libc_init_array
 .text.__retarget_lock_acquire_recursive
                0x0800a1b8        0x2 C:/ST/STM32CubeIDE_2.1.1/STM32CubeIDE/plugins/com.st.stm32cube.ide.mcu.externaltools.gnu-tools-for-stm32.14.3.rel1.win32_1.0.100.202602081740/tools/bin/../lib/gcc/arm-none-eabi/14.3.1/../../../../arm-none-eabi/lib/thumb/v7e-m+fp/hard\libc_nano.a(libc_a-lock.o)
                0x0800a1b8                __retarget_lock_acquire_recursive
 .text.__retarget_lock_release_recursive
                0x0800a1ba        0x2 C:/ST/STM32CubeIDE_2.1.1/STM32CubeIDE/plugins/com.st.stm32cube.ide.mcu.externaltools.gnu-tools-for-stm32.14.3.rel1.win32_1.0.100.202602081740/tools/bin/../lib/gcc/arm-none-eabi/14.3.1/../../../../arm-none-eabi/lib/thumb/v7e-m+fp/hard\libc_nano.a(libc_a-lock.o)
                0x0800a1ba                __retarget_lock_release_recursive
 .text.memcpy   0x0800a1bc       0x1c C:/ST/STM32CubeIDE_2.1.1/STM32CubeIDE/plugins/com.st.stm32cube.ide.mcu.externaltools.gnu-tools-for-stm32.14.3.rel1.win32_1.0.100.202602081740/tools/bin/../lib/gcc/arm-none-eabi/14.3.1/../../../../arm-none-eabi/lib/thumb/v7e-m+fp/hard\libc_nano.a(libc_a-memcpy-stub.o)
                0x0800a1bc                memcpy
 .text._free_r  0x0800a1d8       0x94 C:/ST/STM32CubeIDE_2.1.1/STM32CubeIDE/plugins/com.st.stm32cube.ide.mcu.externaltools.gnu-tools-for-stm32.14.3.rel1.win32_1.0.100.202602081740/tools/bin/../lib/gcc/arm-none-eabi/14.3.1/../../../../arm-none-eabi/lib/thumb/v7e-m+fp/hard\libc_nano.a(libc_a-freer.o)
                0x0800a1d8                _free_r
 .text.sbrk_aligned
                0x0800a26c       0x44 C:/ST/STM32CubeIDE_2.1.1/STM32CubeIDE/plugins/com.st.stm32cube.ide.mcu.externaltools.gnu-tools-for-stm32.14.3.rel1.win32_1.0.100.202602081740/tools/bin/../lib/gcc/arm-none-eabi/14.3.1/../../../../arm-none-eabi/lib/thumb/v7e-m+fp/hard\libc_nano.a(libc_a-mallocr.o)
 .text._malloc_r
                0x0800a2b0      0x100 C:/ST/STM32CubeIDE_2.1.1/STM32CubeIDE/plugins/com.st.stm32cube.ide.mcu.externaltools.gnu-tools-for-stm32.14.3.rel1.win32_1.0.100.202602081740/tools/bin/../lib/gcc/arm-none-eabi/14.3.1/../../../../arm-none-eabi/lib/thumb/v7e-m+fp/hard\libc_nano.a(libc_a-mallocr.o)
                0x0800a2b0                _malloc_r
 .text.__malloc_lock
                0x0800a3b0        0xc C:/ST/STM32CubeIDE_2.1.1/STM32CubeIDE/plugins/com.st.stm32cube.ide.mcu.externaltools.gnu-tools-for-stm32.14.3.rel1.win32_1.0.100.202602081740/tools/bin/../lib/gcc/arm-none-eabi/14.3.1/../../../../arm-none-eabi/lib/thumb/v7e-m+fp/hard\libc_nano.a(libc_a-mlock.o)
                0x0800a3b0                __malloc_lock
 .text.__malloc_unlock
                0x0800a3bc        0xc C:/ST/STM32CubeIDE_2.1.1/STM32CubeIDE/plugins/com.st.stm32cube.ide.mcu.externaltools.gnu-tools-for-stm32.14.3.rel1.win32_1.0.100.202602081740/tools/bin/../lib/gcc/arm-none-eabi/14.3.1/../../../../arm-none-eabi/lib/thumb/v7e-m+fp/hard\libc_nano.a(libc_a-mlock.o)
                0x0800a3bc                __malloc_unlock
 .text.__ssputs_r
                0x0800a3c8       0xc0 C:/ST/STM32CubeIDE_2.1.1/STM32CubeIDE/plugins/com.st.stm32cube.ide.mcu.externaltools.gnu-tools-for-stm32.14.3.rel1.win32_1.0.100.202602081740/tools/bin/../lib/gcc/arm-none-eabi/14.3.1/../../../../arm-none-eabi/lib/thumb/v7e-m+fp/hard\libc_nano.a(libc_a-nano-svfprintf.o)
                0x0800a3c8                __ssputs_r
 .text._svfprintf_r
                0x0800a488      0x1f0 C:/ST/STM32CubeIDE_2.1.1/STM32CubeIDE/plugins/com.st.stm32cube.ide.mcu.externaltools.gnu-tools-for-stm32.14.3.rel1.win32_1.0.100.202602081740/tools/bin/../lib/gcc/arm-none-eabi/14.3.1/../../../../arm-none-eabi/lib/thumb/v7e-m+fp/hard\libc_nano.a(libc_a-nano-svfprintf.o)
                0x0800a488                _svfiprintf_r
                0x0800a488                _svfprintf_r
 .text._printf_common
                0x0800a678       0xda C:/ST/STM32CubeIDE_2.1.1/STM32CubeIDE/plugins/com.st.stm32cube.ide.mcu.externaltools.gnu-tools-for-stm32.14.3.rel1.win32_1.0.100.202602081740/tools/bin/../lib/gcc/arm-none-eabi/14.3.1/../../../../arm-none-eabi/lib/thumb/v7e-m+fp/hard\libc_nano.a(libc_a-nano-vfprintf_i.o)
                0x0800a678                _printf_common
 *fill*         0x0800a752        0x2 
 .text._printf_i
                0x0800a754      0x24c C:/ST/STM32CubeIDE_2.1.1/STM32CubeIDE/plugins/com.st.stm32cube.ide.mcu.externaltools.gnu-tools-for-stm32.14.3.rel1.win32_1.0.100.202602081740/tools/bin/../lib/gcc/arm-none-eabi/14.3.1/../../../../arm-none-eabi/lib/thumb/v7e-m+fp/hard\libc_nano.a(libc_a-nano-vfprintf_i.o)
                0x0800a754                _printf_i
 .text.memmove  0x0800a9a0       0x32 C:/ST/STM32CubeIDE_2.1.1/STM32CubeIDE/plugins/com.st.stm32cube.ide.mcu.externaltools.gnu-tools-for-stm32.14.3.rel1.win32_1.0.100.202602081740/tools/bin/../lib/gcc/arm-none-eabi/14.3.1/../../../../arm-none-eabi/lib/thumb/v7e-m+fp/hard\libc_nano.a(libc_a-memmove.o)
                0x0800a9a0                memmove
 *fill*         0x0800a9d2        0x2 
 .text._sbrk_r  0x0800a9d4       0x20 C:/ST/STM32CubeIDE_2.1.1/STM32CubeIDE/plugins/com.st.stm32cube.ide.mcu.externaltools.gnu-tools-for-stm32.14.3.rel1.win32_1.0.100.202602081740/tools/bin/../lib/gcc/arm-none-eabi/14.3.1/../../../../arm-none-eabi/lib/thumb/v7e-m+fp/hard\libc_nano.a(libc_a-sbrkr.o)
                0x0800a9d4                _sbrk_r
 .text._realloc_r
                0x0800a9f4       0x5c C:/ST/STM32CubeIDE_2.1.1/STM32CubeIDE/plugins/com.st.stm32cube.ide.mcu.externaltools.gnu-tools-for-stm32.14.3.rel1.win32_1.0.100.202602081740/tools/bin/../lib/gcc/arm-none-eabi/14.3.1/../../../../arm-none-eabi/lib/thumb/v7e-m+fp/hard\libc_nano.a(libc_a-reallocr.o)
                0x0800a9f4                _realloc_r
 .text._malloc_usable_size_r
                0x0800aa50       0x10 C:/ST/STM32CubeIDE_2.1.1/STM32CubeIDE/plugins/com.st.stm32cube.ide.mcu.externaltools.gnu-tools-for-stm32.14.3.rel1.win32_1.0.100.202602081740/tools/bin/../lib/gcc/arm-none-eabi/14.3.1/../../../../arm-none-eabi/lib/thumb/v7e-m+fp/hard\libc_nano.a(libc_a-msizer.o)
                0x0800aa50                _malloc_usable_size_r
 *(.glue_7)
 .glue_7        0x0800aa60        0x0 linker stubs
 *(.glue_7t)
 .glue_7t       0x0800aa60        0x0 linker stubs
 *(.eh_frame)
 .eh_frame      0x0800aa60        0x0 C:/ST/STM32CubeIDE_2.1.1/STM32CubeIDE/plugins/com.st.stm32cube.ide.mcu.externaltools.gnu-tools-for-stm32.14.3.rel1.win32_1.0.100.202602081740/tools/bin/../lib/gcc/arm-none-eabi/14.3.1/thumb/v7e-m+fp/hard/crtbegin.o
 *(.init)
 .init          0x0800aa60        0x4 C:/ST/STM32CubeIDE_2.1.1/STM32CubeIDE/plugins/com.st.stm32cube.ide.mcu.externaltools.gnu-tools-for-stm32.14.3.rel1.win32_1.0.100.202602081740/tools/bin/../lib/gcc/arm-none-eabi/14.3.1/thumb/v7e-m+fp/hard/crti.o
                0x0800aa60                _init
 .init          0x0800aa64        0x8 C:/ST/STM32CubeIDE_2.1.1/STM32CubeIDE/plugins/com.st.stm32cube.ide.mcu.externaltools.gnu-tools-for-stm32.14.3.rel1.win32_1.0.100.202602081740/tools/bin/../lib/gcc/arm-none-eabi/14.3.1/thumb/v7e-m+fp/hard/crtn.o
 *(.fini)
 .fini          0x0800aa6c        0x4 C:/ST/STM32CubeIDE_2.1.1/STM32CubeIDE/plugins/com.st.stm32cube.ide.mcu.externaltools.gnu-tools-for-stm32.14.3.rel1.win32_1.0.100.202602081740/tools/bin/../lib/gcc/arm-none-eabi/14.3.1/thumb/v7e-m+fp/hard/crti.o
                0x0800aa6c                _fini
 .fini          0x0800aa70        0x8 C:/ST/STM32CubeIDE_2.1.1/STM32CubeIDE/plugins/com.st.stm32cube.ide.mcu.externaltools.gnu-tools-for-stm32.14.3.rel1.win32_1.0.100.202602081740/tools/bin/../lib/gcc/arm-none-eabi/14.3.1/thumb/v7e-m+fp/hard/crtn.o
                0x0800aa78                        . = ALIGN (0x4)
                0x0800aa78                        _etext = .

.vfp11_veneer   0x0800aa78        0x0
 .vfp11_veneer  0x0800aa78        0x0 linker stubs

.v4_bx          0x0800aa78        0x0
 .v4_bx         0x0800aa78        0x0 linker stubs

.iplt           0x0800aa78        0x0
 .iplt          0x0800aa78        0x0 C:/ST/STM32CubeIDE_2.1.1/STM32CubeIDE/plugins/com.st.stm32cube.ide.mcu.externaltools.gnu-tools-for-stm32.14.3.rel1.win32_1.0.100.202602081740/tools/bin/../lib/gcc/arm-none-eabi/14.3.1/thumb/v7e-m+fp/hard/crtbegin.o

.rodata         0x0800aa78    0x5be7c
                0x0800aa78                        . = ALIGN (0x4)
 *(.rodata)
 .rodata        0x0800aa78      0x12c ./Core/Src/main.o
 .rodata        0x0800aba4       0x48 ./Middlewares/Third_Party/FatFs/src/ff.o
 *(.rodata*)
 .rodata.smallFont
                0x0800abec      0x474 ./Core/Src/font.o
                0x0800abec                smallFont
 .rodata.bigFont
                0x0800b060      0xbe0 ./Core/Src/font.o
                0x0800b060                bigFont
 .rodata.arena_bg
                0x0800bc40    0x25800 ./Core/Src/graficos.o
                0x0800bc40                arena_bg
 .rodata.cinematic
                0x08031440     0x3528 ./Core/Src/graficos.o
                0x08031440                cinematic
 .rodata.icon_blue
                0x08034968     0x2800 ./Core/Src/main.o
                0x08034968                icon_blue
 .rodata.icon_orange
                0x08037168     0x2800 ./Core/Src/main.o
                0x08037168                icon_orange
 .rodata.icon_sam
                0x08039968     0x2800 ./Core/Src/main.o
                0x08039968                icon_sam
 .rodata.icon_clu
                0x0803c168     0x2800 ./Core/Src/main.o
                0x0803c168                icon_clu
 .rodata.icon_flyn
                0x0803e968     0x2800 ./Core/Src/main.o
                0x0803e968                icon_flyn
 .rodata.icon_ares
                0x08041168     0x2800 ./Core/Src/main.o
                0x08041168                icon_ares
 .rodata.car_sel
                0x08043968    0x18000 ./Core/Src/main.o
                0x08043968                car_sel
 .rodata.bike_blue
                0x0805b968     0x1000 ./Core/Src/main.o
                0x0805b968                bike_blue
 .rodata.bike_orange
                0x0805c968     0x1000 ./Core/Src/main.o
                0x0805c968                bike_orange
 .rodata.bike_samflyn
                0x0805d968     0x1000 ./Core/Src/main.o
                0x0805d968                bike_samflyn
 .rodata.bike_ares
                0x0805e968     0x1000 ./Core/Src/main.o
                0x0805e968                bike_ares
 .rodata.bike_kevinflyn
                0x0805f968     0x1000 ./Core/Src/main.o
                0x0805f968                bike_kevinflyn
 .rodata.bike_clu
                0x08060968     0x1000 ./Core/Src/main.o
                0x08060968                bike_clu
 .rodata.race_map
                0x08061968     0x4b00 ./Core/Src/race_map.o
                0x08061968                race_map
 .rodata.AHBPrescTable
                0x08066468       0x10 ./Core/Src/system_stm32f4xx.o
                0x08066468                AHBPrescTable
 .rodata.APBPrescTable
                0x08066478        0x8 ./Core/Src/system_stm32f4xx.o
                0x08066478                APBPrescTable
 .rodata.ExCvt  0x08066480       0x80 ./Middlewares/Third_Party/FatFs/src/ff.o
 .rodata.LfnOfs
                0x08066500        0xd ./Middlewares/Third_Party/FatFs/src/ff.o
 *fill*         0x0806650d        0x3 
 .rodata.Tbl    0x08066510      0x100 ./Middlewares/Third_Party/FatFs/src/option/ccsbcs.o
 .rodata.cvt1.1
                0x08066610      0x1f2 ./Middlewares/Third_Party/FatFs/src/option/ccsbcs.o
 *fill*         0x08066802        0x2 
 .rodata.cvt2.0
                0x08066804       0xbc ./Middlewares/Third_Party/FatFs/src/option/ccsbcs.o
 .rodata._svfprintf_r.str1.1
                0x080668c0       0x33 C:/ST/STM32CubeIDE_2.1.1/STM32CubeIDE/plugins/com.st.stm32cube.ide.mcu.externaltools.gnu-tools-for-stm32.14.3.rel1.win32_1.0.100.202602081740/tools/bin/../lib/gcc/arm-none-eabi/14.3.1/../../../../arm-none-eabi/lib/thumb/v7e-m+fp/hard\libc_nano.a(libc_a-nano-svfprintf.o)
                                 0x11 (size before relaxing)
 .rodata._printf_i.str1.1
                0x080668f3       0x22 C:/ST/STM32CubeIDE_2.1.1/STM32CubeIDE/plugins/com.st.stm32cube.ide.mcu.externaltools.gnu-tools-for-stm32.14.3.rel1.win32_1.0.100.202602081740/tools/bin/../lib/gcc/arm-none-eabi/14.3.1/../../../../arm-none-eabi/lib/thumb/v7e-m+fp/hard\libc_nano.a(libc_a-nano-vfprintf_i.o)
                0x08066918                        . = ALIGN (0x4)
 *fill*         0x080668f3        0x1 

.ARM.extab      0x080668f4        0x0
                0x080668f4                        . = ALIGN (0x4)
 *(.ARM.extab* .gnu.linkonce.armextab.*)
                0x080668f4                        . = ALIGN (0x4)

.ARM            0x080668f4        0x8
                0x080668f4                        . = ALIGN (0x4)
                0x080668f4                        __exidx_start = .
 *(.ARM.exidx*)
 .ARM.exidx     0x080668f4        0x8 C:/ST/STM32CubeIDE_2.1.1/STM32CubeIDE/plugins/com.st.stm32cube.ide.mcu.externaltools.gnu-tools-for-stm32.14.3.rel1.win32_1.0.100.202602081740/tools/bin/../lib/gcc/arm-none-eabi/14.3.1/../../../../arm-none-eabi/lib/thumb/v7e-m+fp/hard\libc_nano.a(libc_a-strlen.o)
 .ARM.exidx     0x080668fc        0x0 C:/ST/STM32CubeIDE_2.1.1/STM32CubeIDE/plugins/com.st.stm32cube.ide.mcu.externaltools.gnu-tools-for-stm32.14.3.rel1.win32_1.0.100.202602081740/tools/bin/../lib/gcc/arm-none-eabi/14.3.1/../../../../arm-none-eabi/lib/thumb/v7e-m+fp/hard\libc_nano.a(libc_a-memchr.o)
                                  0x8 (size before relaxing)
 .ARM.exidx     0x080668fc        0x0 C:/ST/STM32CubeIDE_2.1.1/STM32CubeIDE/plugins/com.st.stm32cube.ide.mcu.externaltools.gnu-tools-for-stm32.14.3.rel1.win32_1.0.100.202602081740/tools/bin/../lib/gcc/arm-none-eabi/14.3.1/thumb/v7e-m+fp/hard\libgcc.a(_udivmoddi4.o)
                                  0x8 (size before relaxing)
                0x080668fc                        __exidx_end = .
                0x080668fc                        . = ALIGN (0x4)

.preinit_array  0x080668fc        0x0
                0x080668fc                        . = ALIGN (0x4)
                0x080668fc                        PROVIDE (__preinit_array_start = .)
 *(.preinit_array*)
                0x080668fc                        PROVIDE (__preinit_array_end = .)
                0x080668fc                        . = ALIGN (0x4)

.init_array     0x080668fc        0x4
                0x080668fc                        . = ALIGN (0x4)
                0x080668fc                        PROVIDE (__init_array_start = .)
 *(SORT_BY_NAME(.init_array.*))
 *(.init_array*)
 .init_array    0x080668fc        0x4 C:/ST/STM32CubeIDE_2.1.1/STM32CubeIDE/plugins/com.st.stm32cube.ide.mcu.externaltools.gnu-tools-for-stm32.14.3.rel1.win32_1.0.100.202602081740/tools/bin/../lib/gcc/arm-none-eabi/14.3.1/thumb/v7e-m+fp/hard/crtbegin.o
                0x08066900                        PROVIDE (__init_array_end = .)
                0x08066900                        . = ALIGN (0x4)

.fini_array     0x08066900        0x4
                0x08066900                        . = ALIGN (0x4)
                [!provide]                        PROVIDE (__fini_array_start = .)
 *(SORT_BY_NAME(.fini_array.*))
 *(.fini_array*)
 .fini_array    0x08066900        0x4 C:/ST/STM32CubeIDE_2.1.1/STM32CubeIDE/plugins/com.st.stm32cube.ide.mcu.externaltools.gnu-tools-for-stm32.14.3.rel1.win32_1.0.100.202602081740/tools/bin/../lib/gcc/arm-none-eabi/14.3.1/thumb/v7e-m+fp/hard/crtbegin.o
                [!provide]                        PROVIDE (__fini_array_end = .)
                0x08066904                        . = ALIGN (0x4)
                0x08066904                        _sidata = LOADADDR (.data)

.rel.dyn        0x08066904        0x0
 .rel.iplt      0x08066904        0x0 C:/ST/STM32CubeIDE_2.1.1/STM32CubeIDE/plugins/com.st.stm32cube.ide.mcu.externaltools.gnu-tools-for-stm32.14.3.rel1.win32_1.0.100.202602081740/tools/bin/../lib/gcc/arm-none-eabi/14.3.1/thumb/v7e-m+fp/hard/crtbegin.o

.data           0x20000000       0x74 load address 0x08066904
                0x20000000                        . = ALIGN (0x4)
                0x20000000                        _sdata = .
 *(.data)
 *(.data*)
 .data.Stat     0x20000000        0x1 ./Core/Src/fatfs_sd.o
 *fill*         0x20000001        0x3 
 .data.SystemCoreClock
                0x20000004        0x4 ./Core/Src/system_stm32f4xx.o
                0x20000004                SystemCoreClock
 .data.uwTickPrio
                0x20000008        0x4 ./Drivers/STM32F4xx_HAL_Driver/Src/stm32f4xx_hal.o
                0x20000008                uwTickPrio
 .data.uwTickFreq
                0x2000000c        0x1 ./Drivers/STM32F4xx_HAL_Driver/Src/stm32f4xx_hal.o
                0x2000000c                uwTickFreq
 *fill*         0x2000000d        0x3 
 .data.USER_Driver
                0x20000010       0x14 ./FATFS/Target/user_diskio.o
                0x20000010                USER_Driver
 .data._impure_ptr
                0x20000024        0x4 C:/ST/STM32CubeIDE_2.1.1/STM32CubeIDE/plugins/com.st.stm32cube.ide.mcu.externaltools.gnu-tools-for-stm32.14.3.rel1.win32_1.0.100.202602081740/tools/bin/../lib/gcc/arm-none-eabi/14.3.1/../../../../arm-none-eabi/lib/thumb/v7e-m+fp/hard\libc_nano.a(libc_a-impure.o)
                0x20000024                _impure_ptr
 .data._impure_data
                0x20000028       0x4c C:/ST/STM32CubeIDE_2.1.1/STM32CubeIDE/plugins/com.st.stm32cube.ide.mcu.externaltools.gnu-tools-for-stm32.14.3.rel1.win32_1.0.100.202602081740/tools/bin/../lib/gcc/arm-none-eabi/14.3.1/../../../../arm-none-eabi/lib/thumb/v7e-m+fp/hard\libc_nano.a(libc_a-impure.o)
                0x20000028                _impure_data
 *(.RamFunc)
 *(.RamFunc*)
                0x20000074                        . = ALIGN (0x4)
                0x20000074                        _edata = .

.igot.plt       0x20000074        0x0 load address 0x08066978
 .igot.plt      0x20000074        0x0 C:/ST/STM32CubeIDE_2.1.1/STM32CubeIDE/plugins/com.st.stm32cube.ide.mcu.externaltools.gnu-tools-for-stm32.14.3.rel1.win32_1.0.100.202602081740/tools/bin/../lib/gcc/arm-none-eabi/14.3.1/thumb/v7e-m+fp/hard/crtbegin.o
                0x20000074                        . = ALIGN (0x4)

.bss            0x20000074     0x6328 load address 0x08066978
                0x20000074                        _sbss = .
                0x20000074                        __bss_start__ = _sbss
 *(.bss)
 .bss           0x20000074       0x1c C:/ST/STM32CubeIDE_2.1.1/STM32CubeIDE/plugins/com.st.stm32cube.ide.mcu.externaltools.gnu-tools-for-stm32.14.3.rel1.win32_1.0.100.202602081740/tools/bin/../lib/gcc/arm-none-eabi/14.3.1/thumb/v7e-m+fp/hard/crtbegin.o
 *(.bss*)
 .bss.Timer1    0x20000090        0x2 ./Core/Src/fatfs_sd.o
                0x20000090                Timer1
 .bss.Timer2    0x20000092        0x2 ./Core/Src/fatfs_sd.o
                0x20000092                Timer2
 .bss.CardType  0x20000094        0x1 ./Core/Src/fatfs_sd.o
 .bss.PowerFlag
                0x20000095        0x1 ./Core/Src/fatfs_sd.o
 *fill*         0x20000096        0x2 
 .bss._slbuf    0x20000098      0x280 ./Core/Src/ili9341.o
 .bss.hspi1     0x20000318       0x58 ./Core/Src/main.o
                0x20000318                hspi1
 .bss.hspi2     0x20000370       0x58 ./Core/Src/main.o
                0x20000370                hspi2
 .bss.huart1    0x200003c8       0x48 ./Core/Src/main.o
                0x200003c8                huart1
 .bss.huart2    0x20000410       0x48 ./Core/Src/main.o
                0x20000410                huart2
 .bss.huart3    0x20000458       0x48 ./Core/Src/main.o
                0x20000458                huart3
 .bss.arena_map
                0x200004a0     0x4b00 ./Core/Src/main.o
                0x200004a0                arena_map
 .bss.p1_trace_color
                0x20004fa0        0x2 ./Core/Src/main.o
                0x20004fa0                p1_trace_color
 .bss.p2_trace_color
                0x20004fa2        0x2 ./Core/Src/main.o
                0x20004fa2                p2_trace_color
 .bss.rx_byte   0x20004fa4        0x1 ./Core/Src/main.o
                0x20004fa4                rx_byte
 *fill*         0x20004fa5        0x3 
 .bss.rx_payload
                0x20004fa8        0x8 ./Core/Src/main.o
                0x20004fa8                rx_payload
 .bss.sincronizado
                0x20004fb0        0x1 ./Core/Src/main.o
                0x20004fb0                sincronizado
 *fill*         0x20004fb1        0x3 
 .bss.datosJugadores
                0x20004fb4        0x8 ./Core/Src/main.o
                0x20004fb4                datosJugadores
 .bss.val       0x20004fbc        0x1 ./Core/Src/main.o
                0x20004fbc                val
 *fill*         0x20004fbd        0x3 
 .bss.msg       0x20004fc0        0x3 ./Core/Src/main.o
                0x20004fc0                msg
 .bss.dbg_pending
                0x20004fc3        0x1 ./Core/Src/main.o
                0x20004fc3                dbg_pending
 .bss.dbg_copy  0x20004fc4        0x8 ./Core/Src/main.o
                0x20004fc4                dbg_copy
 .bss.fs        0x20004fcc     0x1038 ./Core/Src/main.o
                0x20004fcc                fs
 .bss.char_wins
                0x20006004        0xc ./Core/Src/main.o
                0x20006004                char_wins
 .bss.__sbrk_heap_end
                0x20006010        0x4 ./Core/Src/sysmem.o
 .bss.uwTick    0x20006014        0x4 ./Drivers/STM32F4xx_HAL_Driver/Src/stm32f4xx_hal.o
                0x20006014                uwTick
 .bss.retUSER   0x20006018        0x1 ./FATFS/App/fatfs.o
                0x20006018                retUSER
 *fill*         0x20006019        0x3 
 .bss.USERPath  0x2000601c        0x4 ./FATFS/App/fatfs.o
                0x2000601c                USERPath
 .bss.FatFs     0x20006020        0x4 ./Middlewares/Third_Party/FatFs/src/ff.o
 .bss.Fsid      0x20006024        0x2 ./Middlewares/Third_Party/FatFs/src/ff.o
 *fill*         0x20006026        0x2 
 .bss.Files     0x20006028       0x20 ./Middlewares/Third_Party/FatFs/src/ff.o
 .bss.LfnBuf    0x20006048      0x200 ./Middlewares/Third_Party/FatFs/src/ff.o
 .bss.disk      0x20006248        0xc ./Middlewares/Third_Party/FatFs/src/ff_gen_drv.o
                0x20006248                disk
 .bss.__sf      0x20006254      0x138 C:/ST/STM32CubeIDE_2.1.1/STM32CubeIDE/plugins/com.st.stm32cube.ide.mcu.externaltools.gnu-tools-for-stm32.14.3.rel1.win32_1.0.100.202602081740/tools/bin/../lib/gcc/arm-none-eabi/14.3.1/../../../../arm-none-eabi/lib/thumb/v7e-m+fp/hard\libc_nano.a(libc_a-findfp.o)
                0x20006254                __sf
 .bss.errno     0x2000638c        0x4 C:/ST/STM32CubeIDE_2.1.1/STM32CubeIDE/plugins/com.st.stm32cube.ide.mcu.externaltools.gnu-tools-for-stm32.14.3.rel1.win32_1.0.100.202602081740/tools/bin/../lib/gcc/arm-none-eabi/14.3.1/../../../../arm-none-eabi/lib/thumb/v7e-m+fp/hard\libc_nano.a(libc_a-reent.o)
                0x2000638c                errno
 .bss.__lock___malloc_recursive_mutex
                0x20006390        0x1 C:/ST/STM32CubeIDE_2.1.1/STM32CubeIDE/plugins/com.st.stm32cube.ide.mcu.externaltools.gnu-tools-for-stm32.14.3.rel1.win32_1.0.100.202602081740/tools/bin/../lib/gcc/arm-none-eabi/14.3.1/../../../../arm-none-eabi/lib/thumb/v7e-m+fp/hard\libc_nano.a(libc_a-lock.o)
                0x20006390                __lock___malloc_recursive_mutex
 *fill*         0x20006391        0x3 
 .bss.__malloc_sbrk_start
                0x20006394        0x4 C:/ST/STM32CubeIDE_2.1.1/STM32CubeIDE/plugins/com.st.stm32cube.ide.mcu.externaltools.gnu-tools-for-stm32.14.3.rel1.win32_1.0.100.202602081740/tools/bin/../lib/gcc/arm-none-eabi/14.3.1/../../../../arm-none-eabi/lib/thumb/v7e-m+fp/hard\libc_nano.a(libc_a-mallocr.o)
                0x20006394                __malloc_sbrk_start
 .bss.__malloc_free_list
                0x20006398        0x4 C:/ST/STM32CubeIDE_2.1.1/STM32CubeIDE/plugins/com.st.stm32cube.ide.mcu.externaltools.gnu-tools-for-stm32.14.3.rel1.win32_1.0.100.202602081740/tools/bin/../lib/gcc/arm-none-eabi/14.3.1/../../../../arm-none-eabi/lib/thumb/v7e-m+fp/hard\libc_nano.a(libc_a-mallocr.o)
                0x20006398                __malloc_free_list
 *(COMMON)
                0x2000639c                        . = ALIGN (0x4)
                0x2000639c                        _ebss = .
                0x2000639c                        __bss_end__ = _ebss

._user_heap_stack
                0x2000639c      0x604 load address 0x08066978
                0x200063a0                        . = ALIGN (0x8)
 *fill*         0x2000639c        0x4 
                [!provide]                        PROVIDE (end = .)
                0x200063a0                        PROVIDE (_end = .)
                0x200065a0                        . = (. + _Min_Heap_Size)
 *fill*         0x200063a0      0x200 
                0x200069a0                        . = (. + _Min_Stack_Size)
 *fill*         0x200065a0      0x400 
                0x200069a0                        . = ALIGN (0x8)

/DISCARD/
 libc.a(*)
 libm.a(*)
 libgcc.a(*)

.ARM.attributes
                0x00000000       0x30
 *(.ARM.attributes)
 .ARM.attributes
                0x00000000       0x22 C:/ST/STM32CubeIDE_2.1.1/STM32CubeIDE/plugins/com.st.stm32cube.ide.mcu.externaltools.gnu-tools-for-stm32.14.3.rel1.win32_1.0.100.202602081740/tools/bin/../lib/gcc/arm-none-eabi/14.3.1/thumb/v7e-m+fp/hard/crti.o
 .ARM.attributes
                0x00000022       0x34 C:/ST/STM32CubeIDE_2.1.1/STM32CubeIDE/plugins/com.st.stm32cube.ide.mcu.externaltools.gnu-tools-for-stm32.14.3.rel1.win32_1.0.100.202602081740/tools/bin/../lib/gcc/arm-none-eabi/14.3.1/thumb/v7e-m+fp/hard/crtbegin.o
 .ARM.attributes
                0x00000056       0x34 ./Core/Src/fatfs_sd.o
 .ARM.attributes
                0x0000008a       0x34 ./Core/Src/font.o
 .ARM.attributes
                0x000000be       0x34 ./Core/Src/graficos.o
 .ARM.attributes
                0x000000f2       0x34 ./Core/Src/ili9341.o
 .ARM.attributes
                0x00000126       0x34 ./Core/Src/main.o
 .ARM.attributes
                0x0000015a       0x34 ./Core/Src/race_map.o
 .ARM.attributes
                0x0000018e       0x34 ./Core/Src/stm32f4xx_hal_msp.o
 .ARM.attributes
                0x000001c2       0x34 ./Core/Src/stm32f4xx_it.o
 .ARM.attributes
                0x000001f6       0x34 ./Core/Src/sysmem.o
 .ARM.attributes
                0x0000022a       0x34 ./Core/Src/system_stm32f4xx.o
 .ARM.attributes
                0x0000025e       0x21 ./Core/Startup/startup_stm32f446retx.o
 .ARM.attributes
                0x0000027f       0x34 ./Drivers/STM32F4xx_HAL_Driver/Src/stm32f4xx_hal.o
 .ARM.attributes
                0x000002b3       0x34 ./Drivers/STM32F4xx_HAL_Driver/Src/stm32f4xx_hal_cortex.o
 .ARM.attributes
                0x000002e7       0x34 ./Drivers/STM32F4xx_HAL_Driver/Src/stm32f4xx_hal_dma.o
 .ARM.attributes
                0x0000031b       0x34 ./Drivers/STM32F4xx_HAL_Driver/Src/stm32f4xx_hal_gpio.o
 .ARM.attributes
                0x0000034f       0x34 ./Drivers/STM32F4xx_HAL_Driver/Src/stm32f4xx_hal_rcc.o
 .ARM.attributes
                0x00000383       0x34 ./Drivers/STM32F4xx_HAL_Driver/Src/stm32f4xx_hal_rcc_ex.o
 .ARM.attributes
                0x000003b7       0x34 ./Drivers/STM32F4xx_HAL_Driver/Src/stm32f4xx_hal_spi.o
 .ARM.attributes
                0x000003eb       0x34 ./Drivers/STM32F4xx_HAL_Driver/Src/stm32f4xx_hal_uart.o
 .ARM.attributes
                0x0000041f       0x34 ./FATFS/App/fatfs.o
 .ARM.attributes
                0x00000453       0x34 ./FATFS/Target/user_diskio.o
 .ARM.attributes
                0x00000487       0x34 ./Middlewares/Third_Party/FatFs/src/diskio.o
 .ARM.attributes
                0x000004bb       0x34 ./Middlewares/Third_Party/FatFs/src/ff.o
 .ARM.attributes
                0x000004ef       0x34 ./Middlewares/Third_Party/FatFs/src/ff_gen_drv.o
 .ARM.attributes
                0x00000523       0x34 ./Middlewares/Third_Party/FatFs/src/option/ccsbcs.o
 .ARM.attributes
                0x00000557       0x34 C:/ST/STM32CubeIDE_2.1.1/STM32CubeIDE/plugins/com.st.stm32cube.ide.mcu.externaltools.gnu-tools-for-stm32.14.3.rel1.win32_1.0.100.202602081740/tools/bin/../lib/gcc/arm-none-eabi/14.3.1/../../../../arm-none-eabi/lib/thumb/v7e-m+fp/hard\libc_nano.a(libc_a-findfp.o)
 .ARM.attributes
                0x0000058b       0x34 C:/ST/STM32CubeIDE_2.1.1/STM32CubeIDE/plugins/com.st.stm32cube.ide.mcu.externaltools.gnu-tools-for-stm32.14.3.rel1.win32_1.0.100.202602081740/tools/bin/../lib/gcc/arm-none-eabi/14.3.1/../../../../arm-none-eabi/lib/thumb/v7e-m+fp/hard\libc_nano.a(libc_a-snprintf.o)
 .ARM.attributes
                0x000005bf       0x34 C:/ST/STM32CubeIDE_2.1.1/STM32CubeIDE/plugins/com.st.stm32cube.ide.mcu.externaltools.gnu-tools-for-stm32.14.3.rel1.win32_1.0.100.202602081740/tools/bin/../lib/gcc/arm-none-eabi/14.3.1/../../../../arm-none-eabi/lib/thumb/v7e-m+fp/hard\libc_nano.a(libc_a-memset.o)
 .ARM.attributes
                0x000005f3       0x34 C:/ST/STM32CubeIDE_2.1.1/STM32CubeIDE/plugins/com.st.stm32cube.ide.mcu.externaltools.gnu-tools-for-stm32.14.3.rel1.win32_1.0.100.202602081740/tools/bin/../lib/gcc/arm-none-eabi/14.3.1/../../../../arm-none-eabi/lib/thumb/v7e-m+fp/hard\libc_nano.a(libc_a-reent.o)
 .ARM.attributes
                0x00000627       0x34 C:/ST/STM32CubeIDE_2.1.1/STM32CubeIDE/plugins/com.st.stm32cube.ide.mcu.externaltools.gnu-tools-for-stm32.14.3.rel1.win32_1.0.100.202602081740/tools/bin/../lib/gcc/arm-none-eabi/14.3.1/../../../../arm-none-eabi/lib/thumb/v7e-m+fp/hard\libc_nano.a(libc_a-impure.o)
 .ARM.attributes
                0x0000065b       0x34 C:/ST/STM32CubeIDE_2.1.1/STM32CubeIDE/plugins/com.st.stm32cube.ide.mcu.externaltools.gnu-tools-for-stm32.14.3.rel1.win32_1.0.100.202602081740/tools/bin/../lib/gcc/arm-none-eabi/14.3.1/../../../../arm-none-eabi/lib/thumb/v7e-m+fp/hard\libc_nano.a(libc_a-errno.o)
 .ARM.attributes
                0x0000068f       0x34 C:/ST/STM32CubeIDE_2.1.1/STM32CubeIDE/plugins/com.st.stm32cube.ide.mcu.externaltools.gnu-tools-for-stm32.14.3.rel1.win32_1.0.100.202602081740/tools/bin/../lib/gcc/arm-none-eabi/14.3.1/../../../../arm-none-eabi/lib/thumb/v7e-m+fp/hard\libc_nano.a(libc_a-init.o)
 .ARM.attributes
                0x000006c3       0x34 C:/ST/STM32CubeIDE_2.1.1/STM32CubeIDE/plugins/com.st.stm32cube.ide.mcu.externaltools.gnu-tools-for-stm32.14.3.rel1.win32_1.0.100.202602081740/tools/bin/../lib/gcc/arm-none-eabi/14.3.1/../../../../arm-none-eabi/lib/thumb/v7e-m+fp/hard\libc_nano.a(libc_a-lock.o)
 .ARM.attributes
                0x000006f7       0x34 C:/ST/STM32CubeIDE_2.1.1/STM32CubeIDE/plugins/com.st.stm32cube.ide.mcu.externaltools.gnu-tools-for-stm32.14.3.rel1.win32_1.0.100.202602081740/tools/bin/../lib/gcc/arm-none-eabi/14.3.1/../../../../arm-none-eabi/lib/thumb/v7e-m+fp/hard\libc_nano.a(libc_a-memcpy-stub.o)
 .ARM.attributes
                0x0000072b       0x17 C:/ST/STM32CubeIDE_2.1.1/STM32CubeIDE/plugins/com.st.stm32cube.ide.mcu.externaltools.gnu-tools-for-stm32.14.3.rel1.win32_1.0.100.202602081740/tools/bin/../lib/gcc/arm-none-eabi/14.3.1/../../../../arm-none-eabi/lib/thumb/v7e-m+fp/hard\libc_nano.a(libc_a-strlen.o)
 .ARM.attributes
                0x00000742       0x34 C:/ST/STM32CubeIDE_2.1.1/STM32CubeIDE/plugins/com.st.stm32cube.ide.mcu.externaltools.gnu-tools-for-stm32.14.3.rel1.win32_1.0.100.202602081740/tools/bin/../lib/gcc/arm-none-eabi/14.3.1/../../../../arm-none-eabi/lib/thumb/v7e-m+fp/hard\libc_nano.a(libc_a-freer.o)
 .ARM.attributes
                0x00000776       0x34 C:/ST/STM32CubeIDE_2.1.1/STM32CubeIDE/plugins/com.st.stm32cube.ide.mcu.externaltools.gnu-tools-for-stm32.14.3.rel1.win32_1.0.100.202602081740/tools/bin/../lib/gcc/arm-none-eabi/14.3.1/../../../../arm-none-eabi/lib/thumb/v7e-m+fp/hard\libc_nano.a(libc_a-mallocr.o)
 .ARM.attributes
                0x000007aa       0x34 C:/ST/STM32CubeIDE_2.1.1/STM32CubeIDE/plugins/com.st.stm32cube.ide.mcu.externaltools.gnu-tools-for-stm32.14.3.rel1.win32_1.0.100.202602081740/tools/bin/../lib/gcc/arm-none-eabi/14.3.1/../../../../arm-none-eabi/lib/thumb/v7e-m+fp/hard\libc_nano.a(libc_a-mlock.o)
 .ARM.attributes
                0x000007de       0x34 C:/ST/STM32CubeIDE_2.1.1/STM32CubeIDE/plugins/com.st.stm32cube.ide.mcu.externaltools.gnu-tools-for-stm32.14.3.rel1.win32_1.0.100.202602081740/tools/bin/../lib/gcc/arm-none-eabi/14.3.1/../../../../arm-none-eabi/lib/thumb/v7e-m+fp/hard\libc_nano.a(libc_a-nano-svfprintf.o)
 .ARM.attributes
                0x00000812       0x34 C:/ST/STM32CubeIDE_2.1.1/STM32CubeIDE/plugins/com.st.stm32cube.ide.mcu.externaltools.gnu-tools-for-stm32.14.3.rel1.win32_1.0.100.202602081740/tools/bin/../lib/gcc/arm-none-eabi/14.3.1/../../../../arm-none-eabi/lib/thumb/v7e-m+fp/hard\libc_nano.a(libc_a-nano-vfprintf_i.o)
 .ARM.attributes
                0x00000846       0x34 C:/ST/STM32CubeIDE_2.1.1/STM32CubeIDE/plugins/com.st.stm32cube.ide.mcu.externaltools.gnu-tools-for-stm32.14.3.rel1.win32_1.0.100.202602081740/tools/bin/../lib/gcc/arm-none-eabi/14.3.1/../../../../arm-none-eabi/lib/thumb/v7e-m+fp/hard\libc_nano.a(libc_a-memmove.o)
 .ARM.attributes
                0x0000087a       0x34 C:/ST/STM32CubeIDE_2.1.1/STM32CubeIDE/plugins/com.st.stm32cube.ide.mcu.externaltools.gnu-tools-for-stm32.14.3.rel1.win32_1.0.100.202602081740/tools/bin/../lib/gcc/arm-none-eabi/14.3.1/../../../../arm-none-eabi/lib/thumb/v7e-m+fp/hard\libc_nano.a(libc_a-sbrkr.o)
 .ARM.attributes
                0x000008ae       0x1c C:/ST/STM32CubeIDE_2.1.1/STM32CubeIDE/plugins/com.st.stm32cube.ide.mcu.externaltools.gnu-tools-for-stm32.14.3.rel1.win32_1.0.100.202602081740/tools/bin/../lib/gcc/arm-none-eabi/14.3.1/../../../../arm-none-eabi/lib/thumb/v7e-m+fp/hard\libc_nano.a(libc_a-memchr.o)
 .ARM.attributes
                0x000008ca       0x34 C:/ST/STM32CubeIDE_2.1.1/STM32CubeIDE/plugins/com.st.stm32cube.ide.mcu.externaltools.gnu-tools-for-stm32.14.3.rel1.win32_1.0.100.202602081740/tools/bin/../lib/gcc/arm-none-eabi/14.3.1/../../../../arm-none-eabi/lib/thumb/v7e-m+fp/hard\libc_nano.a(libc_a-reallocr.o)
 .ARM.attributes
                0x000008fe       0x34 C:/ST/STM32CubeIDE_2.1.1/STM32CubeIDE/plugins/com.st.stm32cube.ide.mcu.externaltools.gnu-tools-for-stm32.14.3.rel1.win32_1.0.100.202602081740/tools/bin/../lib/gcc/arm-none-eabi/14.3.1/../../../../arm-none-eabi/lib/thumb/v7e-m+fp/hard\libc_nano.a(libc_a-msizer.o)
 .ARM.attributes
                0x00000932       0x22 C:/ST/STM32CubeIDE_2.1.1/STM32CubeIDE/plugins/com.st.stm32cube.ide.mcu.externaltools.gnu-tools-for-stm32.14.3.rel1.win32_1.0.100.202602081740/tools/bin/../lib/gcc/arm-none-eabi/14.3.1/thumb/v7e-m+fp/hard\libgcc.a(_aeabi_uldivmod.o)
 .ARM.attributes
                0x00000954       0x34 C:/ST/STM32CubeIDE_2.1.1/STM32CubeIDE/plugins/com.st.stm32cube.ide.mcu.externaltools.gnu-tools-for-stm32.14.3.rel1.win32_1.0.100.202602081740/tools/bin/../lib/gcc/arm-none-eabi/14.3.1/thumb/v7e-m+fp/hard\libgcc.a(_udivmoddi4.o)
 .ARM.attributes
                0x00000988       0x22 C:/ST/STM32CubeIDE_2.1.1/STM32CubeIDE/plugins/com.st.stm32cube.ide.mcu.externaltools.gnu-tools-for-stm32.14.3.rel1.win32_1.0.100.202602081740/tools/bin/../lib/gcc/arm-none-eabi/14.3.1/thumb/v7e-m+fp/hard\libgcc.a(_dvmd_tls.o)
 .ARM.attributes
                0x000009aa       0x22 C:/ST/STM32CubeIDE_2.1.1/STM32CubeIDE/plugins/com.st.stm32cube.ide.mcu.externaltools.gnu-tools-for-stm32.14.3.rel1.win32_1.0.100.202602081740/tools/bin/../lib/gcc/arm-none-eabi/14.3.1/thumb/v7e-m+fp/hard/crtn.o
OUTPUT(ILI9341SPI.elf elf32-littlearm)
LOAD linker stubs
LOAD C:/ST/STM32CubeIDE_2.1.1/STM32CubeIDE/plugins/com.st.stm32cube.ide.mcu.externaltools.gnu-tools-for-stm32.14.3.rel1.win32_1.0.100.202602081740/tools/bin/../lib/gcc/arm-none-eabi/14.3.1/../../../../arm-none-eabi/lib/thumb/v7e-m+fp/hard\libc.a
LOAD C:/ST/STM32CubeIDE_2.1.1/STM32CubeIDE/plugins/com.st.stm32cube.ide.mcu.externaltools.gnu-tools-for-stm32.14.3.rel1.win32_1.0.100.202602081740/tools/bin/../lib/gcc/arm-none-eabi/14.3.1/../../../../arm-none-eabi/lib/thumb/v7e-m+fp/hard\libm.a
LOAD C:/ST/STM32CubeIDE_2.1.1/STM32CubeIDE/plugins/com.st.stm32cube.ide.mcu.externaltools.gnu-tools-for-stm32.14.3.rel1.win32_1.0.100.202602081740/tools/bin/../lib/gcc/arm-none-eabi/14.3.1/thumb/v7e-m+fp/hard\libgcc.a

.debug_info     0x00000000    0x119f1
 .debug_info    0x00000000      0xc65 ./Core/Src/fatfs_sd.o
 .debug_info    0x00000c65       0xf1 ./Core/Src/font.o
 .debug_info    0x00000d56       0xdb ./Core/Src/graficos.o
 .debug_info    0x00000e31     0x1663 ./Core/Src/ili9341.o
 .debug_info    0x00002494     0x2220 ./Core/Src/main.o
 .debug_info    0x000046b4       0xb3 ./Core/Src/race_map.o
 .debug_info    0x00004767      0xf8d ./Core/Src/stm32f4xx_hal_msp.o
 .debug_info    0x000056f4      0x657 ./Core/Src/stm32f4xx_it.o
 .debug_info    0x00005d4b      0x168 ./Core/Src/sysmem.o
 .debug_info    0x00005eb3      0x54a ./Core/Src/system_stm32f4xx.o
 .debug_info    0x000063fd       0x30 ./Core/Startup/startup_stm32f446retx.o
 .debug_info    0x0000642d      0x99a ./Drivers/STM32F4xx_HAL_Driver/Src/stm32f4xx_hal.o
 .debug_info    0x00006dc7      0xdaa ./Drivers/STM32F4xx_HAL_Driver/Src/stm32f4xx_hal_cortex.o
 .debug_info    0x00007b71      0x8e7 ./Drivers/STM32F4xx_HAL_Driver/Src/stm32f4xx_hal_dma.o
 .debug_info    0x00008458      0x70b ./Drivers/STM32F4xx_HAL_Driver/Src/stm32f4xx_hal_gpio.o
 .debug_info    0x00008b63      0x8ff ./Drivers/STM32F4xx_HAL_Driver/Src/stm32f4xx_hal_rcc.o
 .debug_info    0x00009462      0x960 ./Drivers/STM32F4xx_HAL_Driver/Src/stm32f4xx_hal_rcc_ex.o
 .debug_info    0x00009dc2     0x1525 ./Drivers/STM32F4xx_HAL_Driver/Src/stm32f4xx_hal_spi.o
 .debug_info    0x0000b2e7     0x2f4f ./Drivers/STM32F4xx_HAL_Driver/Src/stm32f4xx_hal_uart.o
 .debug_info    0x0000e236      0x508 ./FATFS/App/fatfs.o
 .debug_info    0x0000e73e      0x3ad ./FATFS/Target/user_diskio.o
 .debug_info    0x0000eaeb      0x3df ./Middlewares/Third_Party/FatFs/src/diskio.o
 .debug_info    0x0000eeca     0x25ef ./Middlewares/Third_Party/FatFs/src/ff.o
 .debug_info    0x000114b9      0x37f ./Middlewares/Third_Party/FatFs/src/ff_gen_drv.o
 .debug_info    0x00011838      0x1b9 ./Middlewares/Third_Party/FatFs/src/option/ccsbcs.o

.debug_abbrev   0x00000000     0x2d61
 .debug_abbrev  0x00000000      0x2fa ./Core/Src/fatfs_sd.o
 .debug_abbrev  0x000002fa       0x64 ./Core/Src/font.o
 .debug_abbrev  0x0000035e       0x6e ./Core/Src/graficos.o
 .debug_abbrev  0x000003cc      0x2d8 ./Core/Src/ili9341.o
 .debug_abbrev  0x000006a4      0x3d9 ./Core/Src/main.o
 .debug_abbrev  0x00000a7d       0x63 ./Core/Src/race_map.o
 .debug_abbrev  0x00000ae0      0x20c ./Core/Src/stm32f4xx_hal_msp.o
 .debug_abbrev  0x00000cec      0x189 ./Core/Src/stm32f4xx_it.o
 .debug_abbrev  0x00000e75       0xbc ./Core/Src/sysmem.o
 .debug_abbrev  0x00000f31      0x11a ./Core/Src/system_stm32f4xx.o
 .debug_abbrev  0x0000104b       0x24 ./Core/Startup/startup_stm32f446retx.o
 .debug_abbrev  0x0000106f      0x214 ./Drivers/STM32F4xx_HAL_Driver/Src/stm32f4xx_hal.o
 .debug_abbrev  0x00001283      0x31d ./Drivers/STM32F4xx_HAL_Driver/Src/stm32f4xx_hal_cortex.o
 .debug_abbrev  0x000015a0      0x264 ./Drivers/STM32F4xx_HAL_Driver/Src/stm32f4xx_hal_dma.o
 .debug_abbrev  0x00001804      0x1d4 ./Drivers/STM32F4xx_HAL_Driver/Src/stm32f4xx_hal_gpio.o
 .debug_abbrev  0x000019d8      0x2b7 ./Drivers/STM32F4xx_HAL_Driver/Src/stm32f4xx_hal_rcc.o
 .debug_abbrev  0x00001c8f      0x211 ./Drivers/STM32F4xx_HAL_Driver/Src/stm32f4xx_hal_rcc_ex.o
 .debug_abbrev  0x00001ea0      0x27a ./Drivers/STM32F4xx_HAL_Driver/Src/stm32f4xx_hal_spi.o
 .debug_abbrev  0x0000211a      0x30e ./Drivers/STM32F4xx_HAL_Driver/Src/stm32f4xx_hal_uart.o
 .debug_abbrev  0x00002428      0x15e ./FATFS/App/fatfs.o
 .debug_abbrev  0x00002586      0x153 ./FATFS/Target/user_diskio.o
 .debug_abbrev  0x000026d9      0x181 ./Middlewares/Third_Party/FatFs/src/diskio.o
 .debug_abbrev  0x0000285a      0x28a ./Middlewares/Third_Party/FatFs/src/ff.o
 .debug_abbrev  0x00002ae4      0x19f ./Middlewares/Third_Party/FatFs/src/ff_gen_drv.o
 .debug_abbrev  0x00002c83       0xde ./Middlewares/Third_Party/FatFs/src/option/ccsbcs.o

.debug_aranges  0x00000000      0xea0
 .debug_aranges
                0x00000000       0xa8 ./Core/Src/fatfs_sd.o
 .debug_aranges
                0x000000a8       0x18 ./Core/Src/font.o
 .debug_aranges
                0x000000c0       0x18 ./Core/Src/graficos.o
 .debug_aranges
                0x000000d8       0xc0 ./Core/Src/ili9341.o
 .debug_aranges
                0x00000198       0xb0 ./Core/Src/main.o
 .debug_aranges
                0x00000248       0x18 ./Core/Src/race_map.o
 .debug_aranges
                0x00000260       0x40 ./Core/Src/stm32f4xx_hal_msp.o
 .debug_aranges
                0x000002a0       0x68 ./Core/Src/stm32f4xx_it.o
 .debug_aranges
                0x00000308       0x20 ./Core/Src/sysmem.o
 .debug_aranges
                0x00000328       0x28 ./Core/Src/system_stm32f4xx.o
 .debug_aranges
                0x00000350       0x28 ./Core/Startup/startup_stm32f446retx.o
 .debug_aranges
                0x00000378       0xf0 ./Drivers/STM32F4xx_HAL_Driver/Src/stm32f4xx_hal.o
 .debug_aranges
                0x00000468      0x130 ./Drivers/STM32F4xx_HAL_Driver/Src/stm32f4xx_hal_cortex.o
 .debug_aranges
                0x00000598       0x90 ./Drivers/STM32F4xx_HAL_Driver/Src/stm32f4xx_hal_dma.o
 .debug_aranges
                0x00000628       0x58 ./Drivers/STM32F4xx_HAL_Driver/Src/stm32f4xx_hal_gpio.o
 .debug_aranges
                0x00000680       0x88 ./Drivers/STM32F4xx_HAL_Driver/Src/stm32f4xx_hal_rcc.o
 .debug_aranges
                0x00000708       0x78 ./Drivers/STM32F4xx_HAL_Driver/Src/stm32f4xx_hal_rcc_ex.o
 .debug_aranges
                0x00000780      0x1d0 ./Drivers/STM32F4xx_HAL_Driver/Src/stm32f4xx_hal_spi.o
 .debug_aranges
                0x00000950      0x208 ./Drivers/STM32F4xx_HAL_Driver/Src/stm32f4xx_hal_uart.o
 .debug_aranges
                0x00000b58       0x28 ./FATFS/App/fatfs.o
 .debug_aranges
                0x00000b80       0x40 ./FATFS/Target/user_diskio.o
 .debug_aranges
                0x00000bc0       0x48 ./Middlewares/Third_Party/FatFs/src/diskio.o
 .debug_aranges
                0x00000c08      0x230 ./Middlewares/Third_Party/FatFs/src/ff.o
 .debug_aranges
                0x00000e38       0x40 ./Middlewares/Third_Party/FatFs/src/ff_gen_drv.o
 .debug_aranges
                0x00000e78       0x28 ./Middlewares/Third_Party/FatFs/src/option/ccsbcs.o

.debug_rnglists
                0x00000000      0xb2b
 .debug_rnglists
                0x00000000       0x80 ./Core/Src/fatfs_sd.o
 .debug_rnglists
                0x00000080       0x9a ./Core/Src/ili9341.o
 .debug_rnglists
                0x0000011a       0xa6 ./Core/Src/main.o
 .debug_rnglists
                0x000001c0       0x2e ./Core/Src/stm32f4xx_hal_msp.o
 .debug_rnglists
                0x000001ee       0x49 ./Core/Src/stm32f4xx_it.o
 .debug_rnglists
                0x00000237       0x13 ./Core/Src/sysmem.o
 .debug_rnglists
                0x0000024a       0x1a ./Core/Src/system_stm32f4xx.o
 .debug_rnglists
                0x00000264       0x19 ./Core/Startup/startup_stm32f446retx.o
 .debug_rnglists
                0x0000027d       0xaf ./Drivers/STM32F4xx_HAL_Driver/Src/stm32f4xx_hal.o
 .debug_rnglists
                0x0000032c       0xe0 ./Drivers/STM32F4xx_HAL_Driver/Src/stm32f4xx_hal_cortex.o
 .debug_rnglists
                0x0000040c       0x70 ./Drivers/STM32F4xx_HAL_Driver/Src/stm32f4xx_hal_dma.o
 .debug_rnglists
                0x0000047c       0x3f ./Drivers/STM32F4xx_HAL_Driver/Src/stm32f4xx_hal_gpio.o
 .debug_rnglists
                0x000004bb       0x66 ./Drivers/STM32F4xx_HAL_Driver/Src/stm32f4xx_hal_rcc.o
 .debug_rnglists
                0x00000521       0x5e ./Drivers/STM32F4xx_HAL_Driver/Src/stm32f4xx_hal_rcc_ex.o
 .debug_rnglists
                0x0000057f      0x16f ./Drivers/STM32F4xx_HAL_Driver/Src/stm32f4xx_hal_spi.o
 .debug_rnglists
                0x000006ee      0x1bc ./Drivers/STM32F4xx_HAL_Driver/Src/stm32f4xx_hal_uart.o
 .debug_rnglists
                0x000008aa       0x19 ./FATFS/App/fatfs.o
 .debug_rnglists
                0x000008c3       0x2b ./FATFS/Target/user_diskio.o
 .debug_rnglists
                0x000008ee       0x31 ./Middlewares/Third_Party/FatFs/src/diskio.o
 .debug_rnglists
                0x0000091f      0x1c6 ./Middlewares/Third_Party/FatFs/src/ff.o
 .debug_rnglists
                0x00000ae5       0x2c ./Middlewares/Third_Party/FatFs/src/ff_gen_drv.o
 .debug_rnglists
                0x00000b11       0x1a ./Middlewares/Third_Party/FatFs/src/option/ccsbcs.o

.debug_macro    0x00000000    0x24b78
 .debug_macro   0x00000000      0x2f6 ./Core/Src/fatfs_sd.o
 .debug_macro   0x000002f6      0xad8 ./Core/Src/fatfs_sd.o
 .debug_macro   0x00000dce      0x29b ./Core/Src/fatfs_sd.o
 .debug_macro   0x00001069       0x2e ./Core/Src/fatfs_sd.o
 .debug_macro   0x00001097       0x28 ./Core/Src/fatfs_sd.o
 .debug_macro   0x000010bf       0x22 ./Core/Src/fatfs_sd.o
 .debug_macro   0x000010e1       0x8e ./Core/Src/fatfs_sd.o
 .debug_macro   0x0000116f       0x51 ./Core/Src/fatfs_sd.o
 .debug_macro   0x000011c0      0x103 ./Core/Src/fatfs_sd.o
 .debug_macro   0x000012c3       0x6a ./Core/Src/fatfs_sd.o
 .debug_macro   0x0000132d      0x1df ./Core/Src/fatfs_sd.o
 .debug_macro   0x0000150c       0x1c ./Core/Src/fatfs_sd.o
 .debug_macro   0x00001528       0x22 ./Core/Src/fatfs_sd.o
 .debug_macro   0x0000154a       0xfb ./Core/Src/fatfs_sd.o
 .debug_macro   0x00001645     0x1011 ./Core/Src/fatfs_sd.o
 .debug_macro   0x00002656      0x11f ./Core/Src/fatfs_sd.o
 .debug_macro   0x00002775    0x1675e ./Core/Src/fatfs_sd.o
 .debug_macro   0x00018ed3       0x6d ./Core/Src/fatfs_sd.o
 .debug_macro   0x00018f40     0x3693 ./Core/Src/fatfs_sd.o
 .debug_macro   0x0001c5d3      0x190 ./Core/Src/fatfs_sd.o
 .debug_macro   0x0001c763       0x5c ./Core/Src/fatfs_sd.o
 .debug_macro   0x0001c7bf      0xca5 ./Core/Src/fatfs_sd.o
 .debug_macro   0x0001d464      0x9e9 ./Core/Src/fatfs_sd.o
 .debug_macro   0x0001de4d      0x115 ./Core/Src/fatfs_sd.o
 .debug_macro   0x0001df62      0x1a0 ./Core/Src/fatfs_sd.o
 .debug_macro   0x0001e102       0xa5 ./Core/Src/fatfs_sd.o
 .debug_macro   0x0001e1a7      0x16d ./Core/Src/fatfs_sd.o
 .debug_macro   0x0001e314      0x287 ./Core/Src/fatfs_sd.o
 .debug_macro   0x0001e59b       0x5f ./Core/Src/fatfs_sd.o
 .debug_macro   0x0001e5fa      0x236 ./Core/Src/fatfs_sd.o
 .debug_macro   0x0001e830      0x132 ./Core/Src/fatfs_sd.o
 .debug_macro   0x0001e962      0x29c ./Core/Src/fatfs_sd.o
 .debug_macro   0x0001ebfe       0x2e ./Core/Src/fatfs_sd.o
 .debug_macro   0x0001ec2c      0x127 ./Core/Src/fatfs_sd.o
 .debug_macro   0x0001ed53       0xe8 ./Core/Src/fatfs_sd.o
 .debug_macro   0x0001ee3b       0x89 ./Core/Src/fatfs_sd.o
 .debug_macro   0x0001eec4      0x225 ./Core/Src/fatfs_sd.o
 .debug_macro   0x0001f0e9      0x2aa ./Core/Src/fatfs_sd.o
 .debug_macro   0x0001f393      0x126 ./Core/Src/fatfs_sd.o
 .debug_macro   0x0001f4b9       0x16 ./Core/Src/fatfs_sd.o
 .debug_macro   0x0001f4cf       0x7c ./Core/Src/fatfs_sd.o
 .debug_macro   0x0001f54b       0x82 ./Core/Src/fatfs_sd.o
 .debug_macro   0x0001f5cd       0xe5 ./Core/Src/fatfs_sd.o
 .debug_macro   0x0001f6b2       0x2a ./Core/Src/fatfs_sd.o
 .debug_macro   0x0001f6dc       0x61 ./Core/Src/fatfs_sd.o
 .debug_macro   0x0001f73d       0x43 ./Core/Src/fatfs_sd.o
 .debug_macro   0x0001f780       0x34 ./Core/Src/fatfs_sd.o
 .debug_macro   0x0001f7b4       0x16 ./Core/Src/fatfs_sd.o
 .debug_macro   0x0001f7ca       0x3c ./Core/Src/fatfs_sd.o
 .debug_macro   0x0001f806      0x364 ./Core/Src/fatfs_sd.o
 .debug_macro   0x0001fb6a       0x16 ./Core/Src/fatfs_sd.o
 .debug_macro   0x0001fb80       0x4a ./Core/Src/fatfs_sd.o
 .debug_macro   0x0001fbca       0x34 ./Core/Src/fatfs_sd.o
 .debug_macro   0x0001fbfe       0x10 ./Core/Src/fatfs_sd.o
 .debug_macro   0x0001fc0e       0x58 ./Core/Src/fatfs_sd.o
 .debug_macro   0x0001fc66       0x8e ./Core/Src/fatfs_sd.o
 .debug_macro   0x0001fcf4       0x1c ./Core/Src/fatfs_sd.o
 .debug_macro   0x0001fd10      0x17e ./Core/Src/fatfs_sd.o
 .debug_macro   0x0001fe8e       0x16 ./Core/Src/fatfs_sd.o
 .debug_macro   0x0001fea4       0x29 ./Core/Src/fatfs_sd.o
 .debug_macro   0x0001fecd       0x12 ./Core/Src/fatfs_sd.o
 .debug_macro   0x0001fedf       0xe2 ./Core/Src/fatfs_sd.o
 .debug_macro   0x0001ffc1       0x9a ./Core/Src/fatfs_sd.o
 .debug_macro   0x0002005b       0x72 ./Core/Src/font.o
 .debug_macro   0x000200cd       0x34 ./Core/Src/font.o
 .debug_macro   0x00020101       0xbe ./Core/Src/graficos.o
 .debug_macro   0x000201bf       0x5b ./Core/Src/graficos.o
 .debug_macro   0x0002021a       0x94 ./Core/Src/graficos.o
 .debug_macro   0x000202ae       0x3a ./Core/Src/graficos.o
 .debug_macro   0x000202e8       0x57 ./Core/Src/graficos.o
 .debug_macro   0x0002033f       0x89 ./Core/Src/graficos.o
 .debug_macro   0x000203c8      0x460 ./Core/Src/graficos.o
 .debug_macro   0x00020828      0x1a7 ./Core/Src/graficos.o
 .debug_macro   0x000209cf      0x32f ./Core/Src/ili9341.o
 .debug_macro   0x00020cfe      0x11c ./Core/Src/ili9341.o
 .debug_macro   0x00020e1a       0x9b ./Core/Src/ili9341.o
 .debug_macro   0x00020eb5       0x16 ./Core/Src/ili9341.o
 .debug_macro   0x00020ecb       0x20 ./Core/Src/ili9341.o
 .debug_macro   0x00020eeb       0x56 ./Core/Src/ili9341.o
 .debug_macro   0x00020f41      0x1d9 ./Core/Src/ili9341.o
 .debug_macro   0x0002111a      0x1db ./Core/Src/ili9341.o
 .debug_macro   0x000212f5      0x149 ./Core/Src/ili9341.o
 .debug_macro   0x0002143e       0x10 ./Core/Src/ili9341.o
 .debug_macro   0x0002144e      0x118 ./Core/Src/ili9341.o
 .debug_macro   0x00021566       0x3a ./Core/Src/ili9341.o
 .debug_macro   0x000215a0       0x34 ./Core/Src/ili9341.o
 .debug_macro   0x000215d4      0x410 ./Core/Src/main.o
 .debug_macro   0x000219e4       0x7c ./Core/Src/main.o
 .debug_macro   0x00021a60       0xeb ./Core/Src/main.o
 .debug_macro   0x00021b4b       0x8e ./Core/Src/main.o
 .debug_macro   0x00021bd9       0x1c ./Core/Src/main.o
 .debug_macro   0x00021bf5       0x10 ./Core/Src/main.o
 .debug_macro   0x00021c05       0x1c ./Core/Src/main.o
 .debug_macro   0x00021c21       0x16 ./Core/Src/main.o
 .debug_macro   0x00021c37      0x146 ./Core/Src/main.o
 .debug_macro   0x00021d7d       0x63 ./Core/Src/race_map.o
 .debug_macro   0x00021de0      0x1d3 ./Core/Src/stm32f4xx_hal_msp.o
 .debug_macro   0x00021fb3      0x1dd ./Core/Src/stm32f4xx_it.o
 .debug_macro   0x00022190      0x112 ./Core/Src/sysmem.o
 .debug_macro   0x000222a2      0x23c ./Core/Src/sysmem.o
 .debug_macro   0x000224de      0x1c4 ./Core/Src/system_stm32f4xx.o
 .debug_macro   0x000226a2      0x224 ./Drivers/STM32F4xx_HAL_Driver/Src/stm32f4xx_hal.o
 .debug_macro   0x000228c6      0x1c4 ./Drivers/STM32F4xx_HAL_Driver/Src/stm32f4xx_hal_cortex.o
 .debug_macro   0x00022a8a      0x1ca ./Drivers/STM32F4xx_HAL_Driver/Src/stm32f4xx_hal_dma.o
 .debug_macro   0x00022c54      0x1ca ./Drivers/STM32F4xx_HAL_Driver/Src/stm32f4xx_hal_gpio.o
 .debug_macro   0x00022e1e      0x1e8 ./Drivers/STM32F4xx_HAL_Driver/Src/stm32f4xx_hal_rcc.o
 .debug_macro   0x00023006      0x1c4 ./Drivers/STM32F4xx_HAL_Driver/Src/stm32f4xx_hal_rcc_ex.o
 .debug_macro   0x000231ca      0x1d3 ./Drivers/STM32F4xx_HAL_Driver/Src/stm32f4xx_hal_spi.o
 .debug_macro   0x0002339d      0x1c5 ./Drivers/STM32F4xx_HAL_Driver/Src/stm32f4xx_hal_uart.o
 .debug_macro   0x00023562      0x2f8 ./FATFS/App/fatfs.o
 .debug_macro   0x0002385a      0x336 ./FATFS/Target/user_diskio.o
 .debug_macro   0x00023b90      0x2e5 ./Middlewares/Third_Party/FatFs/src/diskio.o
 .debug_macro   0x00023e75      0x6f3 ./Middlewares/Third_Party/FatFs/src/ff.o
 .debug_macro   0x00024568       0x58 ./Middlewares/Third_Party/FatFs/src/ff.o
 .debug_macro   0x000245c0      0x2e5 ./Middlewares/Third_Party/FatFs/src/ff_gen_drv.o
 .debug_macro   0x000248a5      0x2d3 ./Middlewares/Third_Party/FatFs/src/option/ccsbcs.o

.debug_line     0x00000000    0x16a26
 .debug_line    0x00000000     0x100c ./Core/Src/fatfs_sd.o
 .debug_line    0x0000100c      0x40c ./Core/Src/font.o
 .debug_line    0x00001418      0x527 ./Core/Src/graficos.o
 .debug_line    0x0000193f     0x1300 ./Core/Src/ili9341.o
 .debug_line    0x00002c3f     0x1524 ./Core/Src/main.o
 .debug_line    0x00004163      0x3fa ./Core/Src/race_map.o
 .debug_line    0x0000455d      0x888 ./Core/Src/stm32f4xx_hal_msp.o
 .debug_line    0x00004de5      0x80a ./Core/Src/stm32f4xx_it.o
 .debug_line    0x000055ef      0x58d ./Core/Src/sysmem.o
 .debug_line    0x00005b7c      0x7b5 ./Core/Src/system_stm32f4xx.o
 .debug_line    0x00006331       0x7a ./Core/Startup/startup_stm32f446retx.o
 .debug_line    0x000063ab      0xa25 ./Drivers/STM32F4xx_HAL_Driver/Src/stm32f4xx_hal.o
 .debug_line    0x00006dd0      0xcf2 ./Drivers/STM32F4xx_HAL_Driver/Src/stm32f4xx_hal_cortex.o
 .debug_line    0x00007ac2      0xf8e ./Drivers/STM32F4xx_HAL_Driver/Src/stm32f4xx_hal_dma.o
 .debug_line    0x00008a50      0xb63 ./Drivers/STM32F4xx_HAL_Driver/Src/stm32f4xx_hal_gpio.o
 .debug_line    0x000095b3      0xe3d ./Drivers/STM32F4xx_HAL_Driver/Src/stm32f4xx_hal_rcc.o
 .debug_line    0x0000a3f0     0x14ee ./Drivers/STM32F4xx_HAL_Driver/Src/stm32f4xx_hal_rcc_ex.o
 .debug_line    0x0000b8de     0x1cbd ./Drivers/STM32F4xx_HAL_Driver/Src/stm32f4xx_hal_spi.o
 .debug_line    0x0000d59b     0x256a ./Drivers/STM32F4xx_HAL_Driver/Src/stm32f4xx_hal_uart.o
 .debug_line    0x0000fb05      0x924 ./FATFS/App/fatfs.o
 .debug_line    0x00010429      0x995 ./FATFS/Target/user_diskio.o
 .debug_line    0x00010dbe      0x9b0 ./Middlewares/Third_Party/FatFs/src/diskio.o
 .debug_line    0x0001176e     0x3f20 ./Middlewares/Third_Party/FatFs/src/ff.o
 .debug_line    0x0001568e      0x9ad ./Middlewares/Third_Party/FatFs/src/ff_gen_drv.o
 .debug_line    0x0001603b      0x9eb ./Middlewares/Third_Party/FatFs/src/option/ccsbcs.o

.debug_str      0x00000000    0xd0d78
 .debug_str     0x00000000    0xd0d78 ./Core/Src/fatfs_sd.o
                              0xc7cbf (size before relaxing)
 .debug_str     0x000d0d78     0x3e77 ./Core/Src/font.o
 .debug_str     0x000d0d78     0x5d92 ./Core/Src/graficos.o
 .debug_str     0x000d0d78    0xcb665 ./Core/Src/ili9341.o
 .debug_str     0x000d0d78    0xc95bf ./Core/Src/main.o
 .debug_str     0x000d0d78     0x3db7 ./Core/Src/race_map.o
 .debug_str     0x000d0d78    0xc4a0d ./Core/Src/stm32f4xx_hal_msp.o
 .debug_str     0x000d0d78    0xc41e1 ./Core/Src/stm32f4xx_it.o
 .debug_str     0x000d0d78     0x7713 ./Core/Src/sysmem.o
 .debug_str     0x000d0d78    0xc3ca4 ./Core/Src/system_stm32f4xx.o
 .debug_str     0x000d0d78       0x8b ./Core/Startup/startup_stm32f446retx.o
 .debug_str     0x000d0d78    0xc4869 ./Drivers/STM32F4xx_HAL_Driver/Src/stm32f4xx_hal.o
 .debug_str     0x000d0d78    0xc45c0 ./Drivers/STM32F4xx_HAL_Driver/Src/stm32f4xx_hal_cortex.o
 .debug_str     0x000d0d78    0xc4099 ./Drivers/STM32F4xx_HAL_Driver/Src/stm32f4xx_hal_dma.o
 .debug_str     0x000d0d78    0xc3e1f ./Drivers/STM32F4xx_HAL_Driver/Src/stm32f4xx_hal_gpio.o
 .debug_str     0x000d0d78    0xc40dd ./Drivers/STM32F4xx_HAL_Driver/Src/stm32f4xx_hal_rcc.o
 .debug_str     0x000d0d78    0xc4110 ./Drivers/STM32F4xx_HAL_Driver/Src/stm32f4xx_hal_rcc_ex.o
 .debug_str     0x000d0d78    0xc453d ./Drivers/STM32F4xx_HAL_Driver/Src/stm32f4xx_hal_spi.o
 .debug_str     0x000d0d78    0xc4694 ./Drivers/STM32F4xx_HAL_Driver/Src/stm32f4xx_hal_uart.o
 .debug_str     0x000d0d78    0xc765d ./FATFS/App/fatfs.o
 .debug_str     0x000d0d78    0xc77a1 ./FATFS/Target/user_diskio.o
 .debug_str     0x000d0d78    0xc7559 ./Middlewares/Third_Party/FatFs/src/diskio.o
 .debug_str     0x000d0d78    0xc8860 ./Middlewares/Third_Party/FatFs/src/ff.o
 .debug_str     0x000d0d78    0xc75aa ./Middlewares/Third_Party/FatFs/src/ff_gen_drv.o
 .debug_str     0x000d0d78    0xc732e ./Middlewares/Third_Party/FatFs/src/option/ccsbcs.o

.comment        0x00000000       0x43
 .comment       0x00000000       0x43 ./Core/Src/fatfs_sd.o
                                 0x44 (size before relaxing)
 .comment       0x00000043       0x44 ./Core/Src/font.o
 .comment       0x00000043       0x44 ./Core/Src/graficos.o
 .comment       0x00000043       0x44 ./Core/Src/ili9341.o
 .comment       0x00000043       0x44 ./Core/Src/main.o
 .comment       0x00000043       0x44 ./Core/Src/race_map.o
 .comment       0x00000043       0x44 ./Core/Src/stm32f4xx_hal_msp.o
 .comment       0x00000043       0x44 ./Core/Src/stm32f4xx_it.o
 .comment       0x00000043       0x44 ./Core/Src/sysmem.o
 .comment       0x00000043       0x44 ./Core/Src/system_stm32f4xx.o
 .comment       0x00000043       0x44 ./Drivers/STM32F4xx_HAL_Driver/Src/stm32f4xx_hal.o
 .comment       0x00000043       0x44 ./Drivers/STM32F4xx_HAL_Driver/Src/stm32f4xx_hal_cortex.o